Component: ARM Compiler 5.05 update 1 (build 106) Tool: armlink [4d0efa]

==============================================================================

Section Cross References

    main.o(i.main) refers to _printf_percent.o(.ARM.Collect$$_printf_percent$$00000000) for _printf_percent
    main.o(i.main) refers to _printf_f.o(.ARM.Collect$$_printf_percent$$00000003) for _printf_f
    main.o(i.main) refers to printf1.o(x$fpl$printf1) for _printf_fp_dec
    main.o(i.main) refers to delay.o(i.delay_init) for delay_init
    main.o(i.main) refers to pwm.o(i.pwm_Init) for pwm_Init
    main.o(i.main) refers to misc.o(i.NVIC_PriorityGroupConfig) for NVIC_PriorityGroupConfig
    main.o(i.main) refers to pwm.o(i.TIM3_Int_Init) for TIM3_Int_Init
    main.o(i.main) refers to usart.o(i.uart_init) for uart_init
    main.o(i.main) refers to encoder.o(i.Encoder_Init_TIM2) for Encoder_Init_TIM2
    main.o(i.main) refers to encoder.o(i.Encoder_Init_TIM4) for Encoder_Init_TIM4
    main.o(i.main) refers to motor.o(i.motor_init) for motor_init
    main.o(i.main) refers to oled.o(i.OLED_Init) for OLED_Init
    main.o(i.main) refers to oled.o(i.OLED_Display_On) for OLED_Display_On
    main.o(i.main) refers to oled.o(i.OLED_Clear) for OLED_Clear
    main.o(i.main) refers to led.o(i.LED_GPIO_Config) for LED_GPIO_Config
    main.o(i.main) refers to bsp_graysensor.o(i.hongwai_Init) for hongwai_Init
    main.o(i.main) refers to protocol.o(i.protocol_init) for protocol_init
    main.o(i.main) refers to bsp_pid.o(i.PID_param_init) for PID_param_init
    main.o(i.main) refers to ioi2c.o(i.IIC_Init) for IIC_Init
    main.o(i.main) refers to mpu6050.o(i.MPU6050_initialize) for MPU6050_initialize
    main.o(i.main) refers to mpu6050.o(i.DMP_Init) for DMP_Init
    main.o(i.main) refers to exti.o(i.MiniBalance_EXTI_Init) for MiniBalance_EXTI_Init
    main.o(i.main) refers to protocol.o(i.receiving_process) for receiving_process
    main.o(i.main) refers to f2d.o(x$fpl$f2d) for __aeabi_f2d
    main.o(i.main) refers to noretval__2printf.o(.text) for __2printf
    main.o(i.main) refers to delay.o(i.delay_ms) for delay_ms
    main.o(i.main) refers to main.o(.data) for show_oled
    main.o(i.main) refers to control.o(.data) for Gyro_Turn
    system_stm32f10x.o(i.SetSysClock) refers to system_stm32f10x.o(i.SetSysClockTo72) for SetSysClockTo72
    system_stm32f10x.o(i.SystemCoreClockUpdate) refers to system_stm32f10x.o(.data) for SystemCoreClock
    system_stm32f10x.o(i.SystemInit) refers to system_stm32f10x.o(i.SetSysClock) for SetSysClock
    startup_stm32f10x_md.o(STACK) refers (Special) to heapauxi.o(.text) for __use_two_region_memory
    startup_stm32f10x_md.o(HEAP) refers (Special) to heapauxi.o(.text) for __use_two_region_memory
    startup_stm32f10x_md.o(RESET) refers (Special) to heapauxi.o(.text) for __use_two_region_memory
    startup_stm32f10x_md.o(RESET) refers to startup_stm32f10x_md.o(STACK) for __initial_sp
    startup_stm32f10x_md.o(RESET) refers to startup_stm32f10x_md.o(.text) for Reset_Handler
    startup_stm32f10x_md.o(RESET) refers to stm32f10x_it.o(i.NMI_Handler) for NMI_Handler
    startup_stm32f10x_md.o(RESET) refers to stm32f10x_it.o(i.HardFault_Handler) for HardFault_Handler
    startup_stm32f10x_md.o(RESET) refers to stm32f10x_it.o(i.MemManage_Handler) for MemManage_Handler
    startup_stm32f10x_md.o(RESET) refers to stm32f10x_it.o(i.BusFault_Handler) for BusFault_Handler
    startup_stm32f10x_md.o(RESET) refers to stm32f10x_it.o(i.UsageFault_Handler) for UsageFault_Handler
    startup_stm32f10x_md.o(RESET) refers to stm32f10x_it.o(i.SVC_Handler) for SVC_Handler
    startup_stm32f10x_md.o(RESET) refers to stm32f10x_it.o(i.DebugMon_Handler) for DebugMon_Handler
    startup_stm32f10x_md.o(RESET) refers to stm32f10x_it.o(i.PendSV_Handler) for PendSV_Handler
    startup_stm32f10x_md.o(RESET) refers to stm32f10x_it.o(i.SysTick_Handler) for SysTick_Handler
    startup_stm32f10x_md.o(RESET) refers to exti.o(i.EXTI9_5_IRQHandler) for EXTI9_5_IRQHandler
    startup_stm32f10x_md.o(RESET) refers to encoder.o(i.TIM2_IRQHandler) for TIM2_IRQHandler
    startup_stm32f10x_md.o(RESET) refers to control.o(i.TIM3_IRQHandler) for TIM3_IRQHandler
    startup_stm32f10x_md.o(RESET) refers to encoder.o(i.TIM4_IRQHandler) for TIM4_IRQHandler
    startup_stm32f10x_md.o(RESET) refers to usart.o(i.USART1_IRQHandler) for USART1_IRQHandler
    startup_stm32f10x_md.o(RESET) refers to control.o(i.EXTI15_10_IRQHandler) for EXTI15_10_IRQHandler
    startup_stm32f10x_md.o(.text) refers (Special) to heapauxi.o(.text) for __use_two_region_memory
    startup_stm32f10x_md.o(.text) refers to system_stm32f10x.o(i.SystemInit) for SystemInit
    startup_stm32f10x_md.o(.text) refers to __main.o(!!!main) for __main
    startup_stm32f10x_md.o(.text) refers to startup_stm32f10x_md.o(HEAP) for Heap_Mem
    startup_stm32f10x_md.o(.text) refers to startup_stm32f10x_md.o(STACK) for Stack_Mem
[...]
    _signal_finish                            - Undefined Weak Reference
    _signal_init                              - Undefined Weak Reference
    _terminate_alloc                          - Undefined Weak Reference
    _terminate_user_alloc                     - Undefined Weak Reference
    _terminateio                              - Undefined Weak Reference
    __Vectors_Size                           0x000000ec   Number         0  startup_stm32f10x_md.o ABSOLUTE
    __Vectors                                0x08000000   Data           4  startup_stm32f10x_md.o(RESET)
    __Vectors_End                            0x080000ec   Data           0  startup_stm32f10x_md.o(RESET)
    __main                                   0x080000ed   Thumb Code     8  __main.o(!!!main)
    __scatterload                            0x080000f5   Thumb Code     0  __scatter.o(!!!scatter)
    __scatterload_rt2                        0x080000f5   Thumb Code    44  __scatter.o(!!!scatter)
    __scatterload_rt2_thumb_only             0x080000f5   Thumb Code     0  __scatter.o(!!!scatter)
    __scatterload_null                       0x08000103   Thumb Code     0  __scatter.o(!!!scatter)
    __decompress                             0x08000129   Thumb Code    90  __dczerorl2.o(!!dczerorl2)
    __decompress1                            0x08000129   Thumb Code     0  __dczerorl2.o(!!dczerorl2)
    __scatterload_zeroinit                   0x08000185   Thumb Code    28  __scatter_zi.o(!!handler_zi)
    _printf_f                                0x080001a1   Thumb Code     0  _printf_f.o(.ARM.Collect$$_printf_percent$$00000003)
    _printf_percent                          0x080001a1   Thumb Code     0  _printf_percent.o(.ARM.Collect$$_printf_percent$$00000000)
    _printf_d                                0x080001a7   Thumb Code     0  _printf_d.o(.ARM.Collect$$_printf_percent$$00000009)
    _printf_percent_end                      0x080001ad   Thumb Code     0  _printf_percent_end.o(.ARM.Collect$$_printf_percent$$00000017)
    __rt_lib_init                            0x080001b1   Thumb Code     0  libinit.o(.ARM.Collect$$libinit$$00000000)
    __rt_lib_init_fp_1                       0x080001b3   Thumb Code     0  libinit2.o(.ARM.Collect$$libinit$$00000002)
    __rt_lib_init_heap_1                     0x080001b3   Thumb Code     0  libinit2.o(.ARM.Collect$$libinit$$0000000A)
    __rt_lib_init_lc_common                  0x080001b3   Thumb Code     0  libinit2.o(.ARM.Collect$$libinit$$0000000F)
    __rt_lib_init_preinit_1                  0x080001b3   Thumb Code     0  libinit2.o(.ARM.Collect$$libinit$$00000004)
    __rt_lib_init_rand_1                     0x080001b3   Thumb Code     0  libinit2.o(.ARM.Collect$$libinit$$0000000E)
    __rt_lib_init_user_alloc_1               0x080001b3   Thumb Code     0  libinit2.o(.ARM.Collect$$libinit$$0000000C)
    __rt_lib_init_lc_collate_1               0x080001b9   Thumb Code     0  libinit2.o(.ARM.Collect$$libinit$$00000011)
    __rt_lib_init_lc_ctype_1                 0x080001b9   Thumb Code     0  libinit2.o(.ARM.Collect$$libinit$$00000013)
    __rt_lib_init_lc_monetary_1              0x080001b9   Thumb Code     0  libinit2.o(.ARM.Collect$$libinit$$00000015)
    __rt_lib_init_lc_numeric_2               0x080001b9   Thumb Code     0  libinit2.o(.ARM.Collect$$libinit$$00000016)
    __rt_lib_init_alloca_1                   0x080001c3   Thumb Code     0  libinit2.o(.ARM.Collect$$libinit$$0000002E)
    __rt_lib_init_argv_1                     0x080001c3   Thumb Code     0  libinit2.o(.ARM.Collect$$libinit$$0000002C)
    __rt_lib_init_atexit_1                   0x080001c3   Thumb Code     0  libinit2.o(.ARM.Collect$$libinit$$0000001B)
    __rt_lib_init_clock_1                    0x080001c3   Thumb Code     0  libinit2.o(.ARM.Collect$$libinit$$00000021)
    __rt_lib_init_cpp_1                      0x080001c3   Thumb Code     0  libinit2.o(.ARM.Collect$$libinit$$00000032)
    __rt_lib_init_exceptions_1               0x080001c3   Thumb Code     0  libinit2.o(.ARM.Collect$$libinit$$00000030)
    __rt_lib_init_fp_trap_1                  0x080001c3   Thumb Code     0  libinit2.o(.ARM.Collect$$libinit$$0000001F)
    __rt_lib_init_getenv_1                   0x080001c3   Thumb Code     0  libinit2.o(.ARM.Collect$$libinit$$00000023)
    __rt_lib_init_lc_numeric_1               0x080001c3   Thumb Code     0  libinit2.o(.ARM.Collect$$libinit$$00000017)
    __rt_lib_init_lc_time_1                  0x080001c3   Thumb Code     0  libinit2.o(.ARM.Collect$$libinit$$00000019)
    __rt_lib_init_return                     0x080001c3   Thumb Code     0  libinit2.o(.ARM.Collect$$libinit$$00000033)
    __rt_lib_init_signal_1                   0x080001c3   Thumb Code     0  libinit2.o(.ARM.Collect$$libinit$$0000001D)
    __rt_lib_init_stdio_1                    0x080001c3   Thumb Code     0  libinit2.o(.ARM.Collect$$libinit$$00000025)
    __rt_lib_shutdown                        0x080001c5   Thumb Code     0  libshutdown.o(.ARM.Collect$$libshutdown$$00000000)
    __rt_lib_shutdown_fp_trap_1              0x080001c7   Thumb Code     0  libshutdown2.o(.ARM.Collect$$libshutdown$$00000006)
    __rt_lib_shutdown_heap_1                 0x080001c7   Thumb Code     0  libshutdown2.o(.ARM.Collect$$libshutdown$$0000000E)
    __rt_lib_shutdown_return                 0x080001c7   Thumb Code     0  libshutdown2.o(.ARM.Collect$$libshutdown$$0000000F)
    __rt_lib_shutdown_signal_1               0x080001c7   Thumb Code     0  libshutdown2.o(.ARM.Collect$$libshutdown$$00000009)
    __rt_lib_shutdown_stdio_1                0x080001c7   Thumb Code     0  libshutdown2.o(.ARM.Collect$$libshutdown$$00000003)
    __rt_lib_shutdown_user_alloc_1           0x080001c7   Thumb Code     0  libshutdown2.o(.ARM.Collect$$libshutdown$$0000000B)
    __rt_entry                               0x080001c9   Thumb Code     0  __rtentry.o(.ARM.Collect$$rtentry$$00000000)
    __rt_entry_presh_1                       0x080001c9   Thumb Code     0  __rtentry2.o(.ARM.Collect$$rtentry$$00000002)
    __rt_entry_sh                            0x080001c9   Thumb Code     0  __rtentry4.o(.ARM.Collect$$rtentry$$00000004)
    __rt_entry_li                            0x080001cf   Thumb Code     0  __rtentry2.o(.ARM.Collect$$rtentry$$0000000A)
    __rt_entry_postsh_1                      0x080001cf   Thumb Code     0  __rtentry2.o(.ARM.Collect$$rtentry$$00000009)
    __rt_entry_main                          0x080001d3   Thumb Code     0  __rtentry2.o(.ARM.Collect$$rtentry$$0000000D)
    __rt_entry_postli_1                      0x080001d3   Thumb Code     0  __rtentry2.o(.ARM.Collect$$rtentry$$0000000C)
    __rt_exit                                0x080001db   Thumb Code     0  rtexit.o(.ARM.Collect$$rtexit$$00000000)
    __rt_exit_ls                             0x080001dd   Thumb Code     0  rtexit2.o(.ARM.Collect$$rtexit$$00000003)
    __rt_exit_prels_1                        0x080001dd   Thumb Code     0  rtexit2.o(.ARM.Collect$$rtexit$$00000002)
    __rt_exit_exit                           0x080001e1   Thumb Code     0  rtexit2.o(.ARM.Collect$$rtexit$$00000004)
    Reset_Handler                            0x080001e9   Thumb Code     8  startup_stm32f10x_md.o(.text)
    ADC1_2_IRQHandler                        0x08000203   Thumb Code     0  startup_stm32f10x_md.o(.text)
    CAN1_RX1_IRQHandler                      0x08000203   Thumb Code     0  startup_stm32f10x_md.o(.text)
    CAN1_SCE_IRQHandler                      0x08000203   Thumb Code     0  startup_stm32f10x_md.o(.text)
    DMA1_Channel1_IRQHandler                 0x08000203   Thumb Code     0  startup_stm32f10x_md.o(.text)
    DMA1_Channel2_IRQHandler                 0x08000203   Thumb Code     0  startup_stm32f10x_md.o(.text)
    DMA1_Channel3_IRQHandler                 0x08000203   Thumb Code     0  startup_stm32f10x_md.o(.text)
    DMA1_Channel4_IRQHandler                 0x08000203   Thumb Code     0  startup_stm32f10x_md.o(.text)
    DMA1_Channel5_IRQHandler                 0x08000203   Thumb Code     0  startup_stm32f10x_md.o(.text)
    DMA1_Channel6_IRQHandler                 0x08000203   Thumb Code     0  startup_stm32f10x_md.o(.text)
    DMA1_Channel7_IRQHandler                 0x08000203   Thumb Code     0  startup_stm32f10x_md.o(.text)
    EXTI0_IRQHandler                         0x08000203   Thumb Code     0  startup_stm32f10x_md.o(.text)
    EXTI1_IRQHandler                         0x08000203   Thumb Code     0  startup_stm32f10x_md.o(.text)
    EXTI2_IRQHandler                         0x08000203   Thumb Code     0  startup_stm32f10x_md.o(.text)
    EXTI3_IRQHandler                         0x08000203   Thumb Code     0  startup_stm32f10x_md.o(.text)
    EXTI4_IRQHandler                         0x08000203   Thumb Code     0  startup_stm32f10x_md.o(.text)
    FLASH_IRQHandler                         0x08000203   Thumb Code     0  startup_stm32f10x_md.o(.text)
    I2C1_ER_IRQHandler                       0x08000203   Thumb Code     0  startup_stm32f10x_md.o(.text)
    I2C1_EV_IRQHandler                       0x08000203   Thumb Code     0  startup_stm32f10x_md.o(.text)
    I2C2_ER_IRQHandler                       0x08000203   Thumb Code     0  startup_stm32f10x_md.o(.text)
    I2C2_EV_IRQHandler                       0x08000203   Thumb Code     0  startup_stm32f10x_md.o(.text)
    PVD_IRQHandler                           0x08000203   Thumb Code     0  startup_stm32f10x_md.o(.text)
    RCC_IRQHandler                           0x08000203   Thumb Code     0  startup_stm32f10x_md.o(.text)
    RTCAlarm_IRQHandler                      0x08000203   Thumb Code     0  startup_stm32f10x_md.o(.text)
    RTC_IRQHandler                           0x08000203   Thumb Code     0  startup_stm32f10x_md.o(.text)
    SPI1_IRQHandler                          0x08000203   Thumb Code     0  startup_stm32f10x_md.o(.text)
    SPI2_IRQHandler                          0x08000203   Thumb Code     0  startup_stm32f10x_md.o(.text)
    TAMPER_IRQHandler                        0x08000203   Thumb Code     0  startup_stm32f10x_md.o(.text)
    TIM1_BRK_IRQHandler                      0x08000203   Thumb Code     0  startup_stm32f10x_md.o(.text)
    TIM1_CC_IRQHandler                       0x08000203   Thumb Code     0  startup_stm32f10x_md.o(.text)
    TIM1_TRG_COM_IRQHandler                  0x08000203   Thumb Code     0  startup_stm32f10x_md.o(.text)
    TIM1_UP_IRQHandler                       0x08000203   Thumb Code     0  startup_stm32f10x_md.o(.text)
    USART2_IRQHandler                        0x08000203   Thumb Code     0  startup_stm32f10x_md.o(.text)
    USART3_IRQHandler                        0x08000203   Thumb Code     0  startup_stm32f10x_md.o(.text)
    USBWakeUp_IRQHandler                     0x08000203   Thumb Code     0  startup_stm32f10x_md.o(.text)
    USB_HP_CAN1_TX_IRQHandler                0x08000203   Thumb Code     0  startup_stm32f10x_md.o(.text)
    USB_LP_CAN1_RX0_IRQHandler               0x08000203   Thumb Code     0  startup_stm32f10x_md.o(.text)
    WWDG_IRQHandler                          0x08000203   Thumb Code     0  startup_stm32f10x_md.o(.text)
    __user_initial_stackheap                 0x08000205   Thumb Code     0  startup_stm32f10x_md.o(.text)
    __use_no_semihosting                     0x08000229   Thumb Code     2  use_no_semi_2.o(.text)
    __aeabi_ldivmod                          0x0800022b   Thumb Code     0  llsdiv.o(.text)
    _ll_sdiv                                 0x0800022b   Thumb Code    72  llsdiv.o(.text)
    __2printf                                0x08000275   Thumb Code    20  noretval__2printf.o(.text)
    _printf_int_dec                          0x0800028d   Thumb Code   104  _printf_dec.o(.text)
    __printf                                 0x08000305   Thumb Code   270  __printf_wp.o(.text)
    memcmp                                   0x08000413   Thumb Code    88  memcmp.o(.text)
    __aeabi_memcpy                           0x0800046b   Thumb Code     0  rt_memcpy_v6.o(.text)
    __rt_memcpy                              0x0800046b   Thumb Code   138  rt_memcpy_v6.o(.text)
    _memcpy_lastbytes                        0x080004d1   Thumb Code     0  rt_memcpy_v6.o(.text)
    __aeabi_memset                           0x080004f5   Thumb Code    16  aeabi_memset.o(.text)
    __aeabi_memclr                           0x08000505   Thumb Code     0  rt_memclr.o(.text)
    __rt_memclr                              0x08000505   Thumb Code    68  rt_memclr.o(.text)
    _memset                                  0x08000509   Thumb Code     0  rt_memclr.o(.text)
    __aeabi_memclr4                          0x08000549   Thumb Code     0  rt_memclr_w.o(.text)
    __aeabi_memclr8                          0x08000549   Thumb Code     0  rt_memclr_w.o(.text)
    __rt_memclr_w                            0x08000549   Thumb Code    78  rt_memclr_w.o(.text)
    _memset_w                                0x0800054d   Thumb Code     0  rt_memclr_w.o(.text)
    __use_two_region_memory                  0x08000597   Thumb Code     2  heapauxi.o(.text)
    __rt_heap_escrow$2region                 0x08000599   Thumb Code     2  heapauxi.o(.text)
    __rt_heap_expand$2region                 0x0800059b   Thumb Code     2  heapauxi.o(.text)
    __I$use$semihosting                      0x0800059d   Thumb Code     0  use_no_semi.o(.text)
    __use_no_semihosting_swi                 0x0800059d   Thumb Code     2  use_no_semi.o(.text)
    __aeabi_uldivmod                         0x0800059f   Thumb Code     0  lludivv7m.o(.text)
    _ll_udiv                                 0x0800059f   Thumb Code   238  lludivv7m.o(.text)
    __read_errno                             0x0800068d   Thumb Code    10  _rserrno.o(.text)
    __set_errno                              0x08000697   Thumb Code    12  _rserrno.o(.text)
    _printf_int_common                       0x080006a3   Thumb Code   178  _printf_intcommon.o(.text)
    __lib_sel_fp_printf                      0x08000755   Thumb Code     2  _printf_fp_dec.o(.text)
    _printf_fp_dec_real                      0x08000903   Thumb Code   620  _printf_fp_dec.o(.text)
    _printf_char_file                        0x08000b71   Thumb Code    32  _printf_char_file.o(.text)
    __aeabi_memcpy4                          0x08000b95   Thumb Code     0  rt_memcpy_w.o(.text)
    __aeabi_memcpy8                          0x08000b95   Thumb Code     0  rt_memcpy_w.o(.text)
    __rt_memcpy_w                            0x08000b95   Thumb Code   100  rt_memcpy_w.o(.text)
    _memcpy_lastbytes_aligned                0x08000bdd   Thumb Code     0  rt_memcpy_w.o(.text)
    __rt_locale                              0x08000bf9   Thumb Code     8  rt_locale_intlibspace.o(.text)
    __aeabi_errno_addr                       0x08000c01   Thumb Code     8  rt_errno_addr_intlibspace.o(.text)
    __errno$intlibspace                      0x08000c01   Thumb Code     0  rt_errno_addr_intlibspace.o(.text)
    __rt_errno_addr$intlibspace              0x08000c01   Thumb Code     0  rt_errno_addr_intlibspace.o(.text)
    _ll_udiv10                               0x08000c09   Thumb Code   138  lludiv10.o(.text)
    _printf_char_common                      0x08000c9f   Thumb Code    32  _printf_char_common.o(.text)
    _printf_fp_infnan                        0x08000cc5   Thumb Code   112  _printf_fp_infnan.o(.text)
    _btod_etento                             0x08000d45   Thumb Code   216  bigflt0.o(.text)
    ferror                                   0x08000e21   Thumb Code     8  ferror.o(.text)
    __user_libspace                          0x08000e29   Thumb Code     8  libspace.o(.text)
    __user_perproc_libspace                  0x08000e29   Thumb Code     0  libspace.o(.text)
    __user_perthread_libspace                0x08000e29   Thumb Code     0  libspace.o(.text)
    __user_setup_stackheap                   0x08000e31   Thumb Code    74  sys_stackheap_outer.o(.text)
    exit                                     0x08000e7b   Thumb Code    12  exit.o(.text)
    strcmp                                   0x08000e89   Thumb Code   128  strcmpv7m.o(.text)
    _btod_d2e                                0x08000f09   Thumb Code    62  btod.o(CL$$btod_d2e)
    _d2e_denorm_low                          0x08000f47   Thumb Code    70  btod.o(CL$$btod_d2e_denorm_low)
    _d2e_norm_op1                            0x08000f8d   Thumb Code    96  btod.o(CL$$btod_d2e_norm_op1)
    __btod_div_common                        0x08000fed   Thumb Code   696  btod.o(CL$$btod_div_common)
    _e2e                                     0x08001325   Thumb Code   198  btod.o(CL$$btod_e2e)
    _btod_ediv                               0x080013eb   Thumb Code    40  btod.o(CL$$btod_ediv)
    _btod_emul                               0x08001413   Thumb Code    40  btod.o(CL$$btod_emul)
    __btod_mult_common                       0x0800143b   Thumb Code   580  btod.o(CL$$btod_mult_common)
    BusFault_Handler                         0x0800167f   Thumb Code     4  stm32f10x_it.o(i.BusFault_Handler)
    Complementary_Filter_x                   0x08001685   Thumb Code    82  filter.o(i.Complementary_Filter_x)
    Complementary_Filter_y                   0x080016e5   Thumb Code    82  filter.o(i.Complementary_Filter_y)
    DMP_Init                                 0x08001745   Thumb Code   194  mpu6050.o(i.DMP_Init)
    DebugMon_Handler                         0x08001955   Thumb Code     2  stm32f10x_it.o(i.DebugMon_Handler)
    EXTI15_10_IRQHandler                     0x08001959   Thumb Code    36  control.o(i.EXTI15_10_IRQHandler)
    EXTI9_5_IRQHandler                       0x08001985   Thumb Code    38  exti.o(i.EXTI9_5_IRQHandler)
    EXTI_ClearITPendingBit                   0x080019b5   Thumb Code     6  stm32f10x_exti.o(i.EXTI_ClearITPendingBit)
    EXTI_GetITStatus                         0x080019c1   Thumb Code    34  stm32f10x_exti.o(i.EXTI_GetITStatus)
    EXTI_Init                                0x080019e9   Thumb Code   142  stm32f10x_exti.o(i.EXTI_Init)
    Encoder_Init_TIM2                        0x08001a7d   Thumb Code   154  encoder.o(i.Encoder_Init_TIM2)
    Encoder_Init_TIM4                        0x08001b1d   Thumb Code   148  encoder.o(i.Encoder_Init_TIM4)
    GPIO_EXTILineConfig                      0x08001bb9   Thumb Code    60  stm32f10x_gpio.o(i.GPIO_EXTILineConfig)
    GPIO_Init                                0x08001bf9   Thumb Code   278  stm32f10x_gpio.o(i.GPIO_Init)
    GPIO_PinRemapConfig                      0x08001d11   Thumb Code   138  stm32f10x_gpio.o(i.GPIO_PinRemapConfig)
    GPIO_ResetBits                           0x08001da1   Thumb Code     4  stm32f10x_gpio.o(i.GPIO_ResetBits)
    GPIO_SetBits                             0x08001da5   Thumb Code     4  stm32f10x_gpio.o(i.GPIO_SetBits)
    Get_Angle                                0x08001da9   Thumb Code   698  control.o(i.Get_Angle)
    HardFault_Handler                        0x0800209d   Thumb Code     4  stm32f10x_it.o(i.HardFault_Handler)
    I2C_ReadOneByte                          0x080020a1   Thumb Code    70  ioi2c.o(i.I2C_ReadOneByte)
    IIC_Ack                                  0x080020e9   Thumb Code    64  ioi2c.o(i.IIC_Ack)
    IIC_Init                                 0x08002135   Thumb Code    40  ioi2c.o(i.IIC_Init)
    IIC_NAck                                 0x08002161   Thumb Code    62  ioi2c.o(i.IIC_NAck)
    IIC_Read_Byte                            0x080021ad   Thumb Code    98  ioi2c.o(i.IIC_Read_Byte)
    IIC_Send_Byte                            0x0800221d   Thumb Code    88  ioi2c.o(i.IIC_Send_Byte)
    IIC_Start                                0x08002281   Thumb Code    92  ioi2c.o(i.IIC_Start)
    IIC_Stop                                 0x080022e9   Thumb Code    60  ioi2c.o(i.IIC_Stop)
    IIC_Wait_Ack                             0x08002331   Thumb Code    92  ioi2c.o(i.IIC_Wait_Ack)
    IICreadByte                              0x08002399   Thumb Code    22  ioi2c.o(i.IICreadByte)
    IICwriteBit                              0x080023af   Thumb Code    64  ioi2c.o(i.IICwriteBit)
    IICwriteBits                             0x080023ef   Thumb Code   106  ioi2c.o(i.IICwriteBits)
    IICwriteByte                             0x08002459   Thumb Code    20  ioi2c.o(i.IICwriteByte)
    IICwriteBytes                            0x0800246d   Thumb Code    70  ioi2c.o(i.IICwriteBytes)
    Kalman_Filter_x                          0x080024b5   Thumb Code   558  filter.o(i.Kalman_Filter_x)
    Kalman_Filter_y                          0x08002725   Thumb Code   558  filter.o(i.Kalman_Filter_y)
    LED_GPIO_Config                          0x08002995   Thumb Code    50  led.o(i.LED_GPIO_Config)
    MPU6050_initialize                       0x080029cd   Thumb Code    40  mpu6050.o(i.MPU6050_initialize)
    MPU6050_setClockSource                   0x080029f5   Thumb Code    20  mpu6050.o(i.MPU6050_setClockSource)
    MPU6050_setFullScaleAccelRange           0x08002a09   Thumb Code    20  mpu6050.o(i.MPU6050_setFullScaleAccelRange)
    MPU6050_setFullScaleGyroRange            0x08002a1d   Thumb Code    20  mpu6050.o(i.MPU6050_setFullScaleGyroRange)
    MPU6050_setI2CBypassEnabled              0x08002a31   Thumb Code    18  mpu6050.o(i.MPU6050_setI2CBypassEnabled)
    MPU6050_setI2CMasterModeEnabled          0x08002a43   Thumb Code    18  mpu6050.o(i.MPU6050_setI2CMasterModeEnabled)
    MPU6050_setSleepEnabled                  0x08002a55   Thumb Code    18  mpu6050.o(i.MPU6050_setSleepEnabled)
    MemManage_Handler                        0x08002a67   Thumb Code     4  stm32f10x_it.o(i.MemManage_Handler)
    MiniBalance_EXTI_Init                    0x08002a6d   Thumb Code   108  exti.o(i.MiniBalance_EXTI_Init)
    NMI_Handler                              0x08002add   Thumb Code     2  stm32f10x_it.o(i.NMI_Handler)
    NVIC_Init                                0x08002ae1   Thumb Code   100  misc.o(i.NVIC_Init)
    NVIC_PriorityGroupConfig                 0x08002b51   Thumb Code    10  misc.o(i.NVIC_PriorityGroupConfig)
    OLED_Clear                               0x08002b65   Thumb Code    62  oled.o(i.OLED_Clear)
    OLED_Display_On                          0x08002ba3   Thumb Code    28  oled.o(i.OLED_Display_On)
    OLED_IIC_Start                           0x08002bc1   Thumb Code    44  oled.o(i.OLED_IIC_Start)
    OLED_IIC_Stop                            0x08002bf1   Thumb Code    34  oled.o(i.OLED_IIC_Stop)
    OLED_IIC_Wait_Ack                        0x08002c19   Thumb Code    24  oled.o(i.OLED_IIC_Wait_Ack)
    OLED_Init                                0x08002c35   Thumb Code   282  oled.o(i.OLED_Init)
    OLED_WR_Byte                             0x08002d59   Thumb Code    24  oled.o(i.OLED_WR_Byte)
    OLED_Write_IIC_Byte                      0x08002d71   Thumb Code    88  oled.o(i.OLED_Write_IIC_Byte)
    OLED_Write_IIC_Command                   0x08002dcd   Thumb Code    44  oled.o(i.OLED_Write_IIC_Command)
    OLED_Write_IIC_Data                      0x08002df9   Thumb Code    44  oled.o(i.OLED_Write_IIC_Data)
    PID_param_init                           0x08002e25   Thumb Code   152  bsp_pid.o(i.PID_param_init)
    PendSV_Handler                           0x08002ee1   Thumb Code     2  stm32f10x_it.o(i.PendSV_Handler)
    RCC_APB1PeriphClockCmd                   0x08002ee5   Thumb Code    26  stm32f10x_rcc.o(i.RCC_APB1PeriphClockCmd)
    RCC_APB2PeriphClockCmd                   0x08002f05   Thumb Code    26  stm32f10x_rcc.o(i.RCC_APB2PeriphClockCmd)
    RCC_GetClocksFreq                        0x08002f25   Thumb Code   192  stm32f10x_rcc.o(i.RCC_GetClocksFreq)
    Read_DMP                                 0x08002ff9   Thumb Code   560  mpu6050.o(i.Read_DMP)
    Read_Temperature                         0x08003255   Thumb Code   110  mpu6050.o(i.Read_Temperature)
    SVC_Handler                              0x080032d5   Thumb Code     2  stm32f10x_it.o(i.SVC_Handler)
    SysTick_CLKSourceConfig                  0x080033c1   Thumb Code    40  misc.o(i.SysTick_CLKSourceConfig)
    SysTick_Handler                          0x080033e9   Thumb Code     2  stm32f10x_it.o(i.SysTick_Handler)
    SystemInit                               0x080033ed   Thumb Code    78  system_stm32f10x.o(i.SystemInit)
    TIM2_IRQHandler                          0x0800368d   Thumb Code    24  encoder.o(i.TIM2_IRQHandler)
    TIM3_IRQHandler                          0x080036a5   Thumb Code    22  control.o(i.TIM3_IRQHandler)
    TIM3_Int_Init                            0x080036c1   Thumb Code    90  pwm.o(i.TIM3_Int_Init)
    TIM4_IRQHandler                          0x08003721   Thumb Code    18  encoder.o(i.TIM4_IRQHandler)
    TIM_ARRPreloadConfig                     0x08003739   Thumb Code    24  stm32f10x_tim.o(i.TIM_ARRPreloadConfig)
    TIM_ClearFlag                            0x08003751   Thumb Code     6  stm32f10x_tim.o(i.TIM_ClearFlag)
    TIM_ClearITPendingBit                    0x08003757   Thumb Code     6  stm32f10x_tim.o(i.TIM_ClearITPendingBit)
    TIM_Cmd                                  0x0800375d   Thumb Code    24  stm32f10x_tim.o(i.TIM_Cmd)
    TIM_CtrlPWMOutputs                       0x08003775   Thumb Code    30  stm32f10x_tim.o(i.TIM_CtrlPWMOutputs)
    TIM_EncoderInterfaceConfig               0x08003793   Thumb Code    66  stm32f10x_tim.o(i.TIM_EncoderInterfaceConfig)
    TIM_GetITStatus                          0x080037d5   Thumb Code    34  stm32f10x_tim.o(i.TIM_GetITStatus)
    TIM_ICInit                               0x080037f9   Thumb Code   150  stm32f10x_tim.o(i.TIM_ICInit)
    TIM_ICStructInit                         0x080038a5   Thumb Code    18  stm32f10x_tim.o(i.TIM_ICStructInit)
    TIM_ITConfig                             0x080038b7   Thumb Code    18  stm32f10x_tim.o(i.TIM_ITConfig)
    TIM_OC1Init                              0x080038c9   Thumb Code   132  stm32f10x_tim.o(i.TIM_OC1Init)
    TIM_OC1PreloadConfig                     0x08003961   Thumb Code    18  stm32f10x_tim.o(i.TIM_OC1PreloadConfig)
    TIM_OC4Init                              0x08003975   Thumb Code   114  stm32f10x_tim.o(i.TIM_OC4Init)
    TIM_OC4PreloadConfig                     0x080039f1   Thumb Code    26  stm32f10x_tim.o(i.TIM_OC4PreloadConfig)
    TIM_SetCounter                           0x08003a0b   Thumb Code     4  stm32f10x_tim.o(i.TIM_SetCounter)
    TIM_SetIC1Prescaler                      0x08003a0f   Thumb Code    18  stm32f10x_tim.o(i.TIM_SetIC1Prescaler)
    TIM_SetIC2Prescaler                      0x08003a21   Thumb Code    26  stm32f10x_tim.o(i.TIM_SetIC2Prescaler)
    TIM_SetIC3Prescaler                      0x08003a3b   Thumb Code    18  stm32f10x_tim.o(i.TIM_SetIC3Prescaler)
    TIM_SetIC4Prescaler                      0x08003a4d   Thumb Code    26  stm32f10x_tim.o(i.TIM_SetIC4Prescaler)
    TIM_TimeBaseInit                         0x08003a69   Thumb Code   122  stm32f10x_tim.o(i.TIM_TimeBaseInit)
    TIM_TimeBaseStructInit                   0x08003b0d   Thumb Code    18  stm32f10x_tim.o(i.TIM_TimeBaseStructInit)
    USART1_IRQHandler                        0x08003b21   Thumb Code   146  usart.o(i.USART1_IRQHandler)
    USART_ClearITPendingBit                  0x08003bc5   Thumb Code    30  stm32f10x_usart.o(i.USART_ClearITPendingBit)
    USART_Cmd                                0x08003be3   Thumb Code    24  stm32f10x_usart.o(i.USART_Cmd)
    USART_GetITStatus                        0x08003bfb   Thumb Code    84  stm32f10x_usart.o(i.USART_GetITStatus)
    USART_ITConfig                           0x08003c4f   Thumb Code    74  stm32f10x_usart.o(i.USART_ITConfig)
    USART_Init                               0x08003c99   Thumb Code   210  stm32f10x_usart.o(i.USART_Init)
    USART_ReceiveData                        0x08003d71   Thumb Code    10  stm32f10x_usart.o(i.USART_ReceiveData)
    UsageFault_Handler                       0x08003d7b   Thumb Code     4  stm32f10x_it.o(i.UsageFault_Handler)
    __ARM_fpclassify                         0x08003d7f   Thumb Code    40  fpclassify.o(i.__ARM_fpclassify)
    __kernel_poly                            0x08003da7   Thumb Code   170  poly.o(i.__kernel_poly)
    __mathlib_dbl_infnan                     0x08003e51   Thumb Code     6  dunder.o(i.__mathlib_dbl_infnan)
    __mathlib_dbl_infnan2                    0x08003e57   Thumb Code     4  dunder.o(i.__mathlib_dbl_infnan2)
    __mathlib_dbl_invalid                    0x08003e5b   Thumb Code    12  dunder.o(i.__mathlib_dbl_invalid)
    __mathlib_dbl_underflow                  0x08003e69   Thumb Code    10  dunder.o(i.__mathlib_dbl_underflow)
    _is_digit                                0x08003e79   Thumb Code    14  __printf_wp.o(i._is_digit)
    _sys_exit                                0x08003e87   Thumb Code     4  usart.o(i._sys_exit)
    asin                                     0x08003f35   Thumb Code   572  asin.o(i.asin)
    atan                                     0x080041a5   Thumb Code   474  atan.o(i.atan)
    atan2                                    0x080043c5   Thumb Code   346  atan2.o(i.atan2)
    check_sum                                0x08004545   Thumb Code    28  protocol.o(i.check_sum)
    delay_init                               0x080045c5   Thumb Code    50  delay.o(i.delay_init)
    delay_ms                                 0x08004609   Thumb Code    72  delay.o(i.delay_ms)
    delay_us                                 0x08004655   Thumb Code    72  delay.o(i.delay_us)
    dmp_enable_6x_lp_quat                    0x080046a1   Thumb Code    60  inv_mpu_dmp_motion_driver.o(i.dmp_enable_6x_lp_quat)
    dmp_enable_feature                       0x080046dd   Thumb Code   530  inv_mpu_dmp_motion_driver.o(i.dmp_enable_feature)
    dmp_enable_gyro_cal                      0x080048f9   Thumb Code    62  inv_mpu_dmp_motion_driver.o(i.dmp_enable_gyro_cal)
    dmp_enable_lp_quat                       0x08004951   Thumb Code    60  inv_mpu_dmp_motion_driver.o(i.dmp_enable_lp_quat)
    dmp_load_motion_driver_firmware          0x0800498d   Thumb Code    20  inv_mpu_dmp_motion_driver.o(i.dmp_load_motion_driver_firmware)
    dmp_read_fifo                            0x080049a5   Thumb Code   456  inv_mpu_dmp_motion_driver.o(i.dmp_read_fifo)
    dmp_set_accel_bias                       0x08004b71   Thumb Code   300  inv_mpu_dmp_motion_driver.o(i.dmp_set_accel_bias)
    dmp_set_fifo_rate                        0x08004ca1   Thumb Code    96  inv_mpu_dmp_motion_driver.o(i.dmp_set_fifo_rate)
    dmp_set_gyro_bias                        0x08004d11   Thumb Code   294  inv_mpu_dmp_motion_driver.o(i.dmp_set_gyro_bias)
    dmp_set_orientation                      0x08004e41   Thumb Code   290  inv_mpu_dmp_motion_driver.o(i.dmp_set_orientation)
    dmp_set_shake_reject_thresh              0x08004f79   Thumb Code    56  inv_mpu_dmp_motion_driver.o(i.dmp_set_shake_reject_thresh)
    dmp_set_shake_reject_time                0x08004fb1   Thumb Code    38  inv_mpu_dmp_motion_driver.o(i.dmp_set_shake_reject_time)
    dmp_set_shake_reject_timeout             0x08004fd7   Thumb Code    38  inv_mpu_dmp_motion_driver.o(i.dmp_set_shake_reject_timeout)
    dmp_set_tap_axes                         0x08004ffd   Thumb Code    70  inv_mpu_dmp_motion_driver.o(i.dmp_set_tap_axes)
    dmp_set_tap_count                        0x08005043   Thumb Code    38  inv_mpu_dmp_motion_driver.o(i.dmp_set_tap_count)
    dmp_set_tap_thresh                       0x08005069   Thumb Code   396  inv_mpu_dmp_motion_driver.o(i.dmp_set_tap_thresh)
    dmp_set_tap_time                         0x08005209   Thumb Code    38  inv_mpu_dmp_motion_driver.o(i.dmp_set_tap_time)
    dmp_set_tap_time_multi                   0x0800522f   Thumb Code    38  inv_mpu_dmp_motion_driver.o(i.dmp_set_tap_time_multi)
    fputc                                    0x08005255   Thumb Code    24  usart.o(i.fputc)
    hongwai_Init                             0x08005941   Thumb Code    46  bsp_graysensor.o(i.hongwai_Init)
    i2cRead                                  0x08005979   Thumb Code   118  ioi2c.o(i.i2cRead)
    i2cWrite                                 0x080059ef   Thumb Code    96  ioi2c.o(i.i2cWrite)
    main                                     0x08005ac5   Thumb Code   140  main.o(i.main)
    motor_init                               0x08005b61   Thumb Code    40  motor.o(i.motor_init)
    mpu_configure_fifo                       0x08005b8d   Thumb Code   106  inv_mpu.o(i.mpu_configure_fifo)
    mpu_get_accel_fsr                        0x08005bfd   Thumb Code    72  inv_mpu.o(i.mpu_get_accel_fsr)
    mpu_get_accel_sens                       0x08005c49   Thumb Code    78  inv_mpu.o(i.mpu_get_accel_sens)
    mpu_get_fifo_config                      0x08005c9d   Thumb Code    12  inv_mpu.o(i.mpu_get_fifo_config)
    mpu_get_gyro_fsr                         0x08005cad   Thumb Code    64  inv_mpu.o(i.mpu_get_gyro_fsr)
    mpu_get_gyro_sens                        0x08005cf1   Thumb Code    58  inv_mpu.o(i.mpu_get_gyro_sens)
    mpu_get_lpf                              0x08005d41   Thumb Code    74  inv_mpu.o(i.mpu_get_lpf)
    mpu_get_sample_rate                      0x08005d91   Thumb Code    26  inv_mpu.o(i.mpu_get_sample_rate)
    mpu_init                                 0x08005db1   Thumb Code   416  inv_mpu.o(i.mpu_init)
    mpu_load_firmware                        0x08005fa1   Thumb Code   180  inv_mpu.o(i.mpu_load_firmware)
    mpu_lp_accel_mode                        0x08006059   Thumb Code   218  inv_mpu.o(i.mpu_lp_accel_mode)
    mpu_read_fifo_stream                     0x08006139   Thumb Code   186  inv_mpu.o(i.mpu_read_fifo_stream)
    mpu_read_mem                             0x080061f9   Thumb Code   122  inv_mpu.o(i.mpu_read_mem)
    mpu_reset_fifo                           0x08006279   Thumb Code   438  inv_mpu.o(i.mpu_reset_fifo)
    mpu_run_self_test                        0x08006435   Thumb Code   278  inv_mpu.o(i.mpu_run_self_test)
    mpu_set_accel_fsr                        0x08006551   Thumb Code   126  inv_mpu.o(i.mpu_set_accel_fsr)
    mpu_set_bypass                           0x080065d5   Thumb Code   328  inv_mpu.o(i.mpu_set_bypass)
    mpu_set_dmp_state                        0x08006721   Thumb Code   138  inv_mpu.o(i.mpu_set_dmp_state)
    mpu_set_gyro_fsr                         0x080067b1   Thumb Code   132  inv_mpu.o(i.mpu_set_gyro_fsr)
    mpu_set_int_latched                      0x08006839   Thumb Code   102  inv_mpu.o(i.mpu_set_int_latched)
    mpu_set_lpf                              0x080068a5   Thumb Code   126  inv_mpu.o(i.mpu_set_lpf)
    mpu_set_sample_rate                      0x08006929   Thumb Code   152  inv_mpu.o(i.mpu_set_sample_rate)
    mpu_set_sensors                          0x080069c5   Thumb Code   202  inv_mpu.o(i.mpu_set_sensors)
    mpu_write_mem                            0x08006a95   Thumb Code   122  inv_mpu.o(i.mpu_write_mem)
    myget_ms                                 0x08006b15   Thumb Code     2  inv_mpu.o(i.myget_ms)
    protocol_data_recv                       0x08006b19   Thumb Code    46  protocol.o(i.protocol_data_recv)
    protocol_init                            0x08006d09   Thumb Code    20  protocol.o(i.protocol_init)
    pwm_Init                                 0x08006d25   Thumb Code   164  pwm.o(i.pwm_Init)
    receiving_process                        0x08006dd1   Thumb Code   330  protocol.o(i.receiving_process)
    set_p_i_d                                0x08007129   Thumb Code     8  bsp_pid.o(i.set_p_i_d)
    set_pid_target                           0x08007131   Thumb Code     4  bsp_pid.o(i.set_pid_target)
    sqrt                                     0x08007135   Thumb Code    76  sqrt.o(i.sqrt)
    uart_init                                0x08007181   Thumb Code   154  usart.o(i.uart_init)
    _get_lc_numeric                          0x08007225   Thumb Code    44  lc_numeric_c.o(locale$$code)
    __aeabi_d2f                              0x08007251   Thumb Code     0  d2f.o(x$fpl$d2f)
    _d2f                                     0x08007251   Thumb Code    98  d2f.o(x$fpl$d2f)
    __aeabi_dadd                             0x080072b5   Thumb Code     0  daddsub_clz.o(x$fpl$dadd)
    _dadd                                    0x080072b5   Thumb Code   332  daddsub_clz.o(x$fpl$dadd)
    __fpl_dcheck_NaN1                        0x08007405   Thumb Code    10  dcheck1.o(x$fpl$dcheck1)
    __aeabi_ddiv                             0x08007415   Thumb Code     0  ddiv.o(x$fpl$ddiv)
    _ddiv                                    0x08007415   Thumb Code   552  ddiv.o(x$fpl$ddiv)
    __aeabi_dmul                             0x080076c5   Thumb Code     0  dmul.o(x$fpl$dmul)
    _dmul                                    0x080076c5   Thumb Code   332  dmul.o(x$fpl$dmul)
    __fpl_dnaninf                            0x08007819   Thumb Code   156  dnaninf.o(x$fpl$dnaninf)
    __fpl_dretinf                            0x080078b5   Thumb Code    12  dretinf.o(x$fpl$dretinf)
    __aeabi_drsub                            0x080078c1   Thumb Code     0  daddsub_clz.o(x$fpl$drsb)
    _drsb                                    0x080078c1   Thumb Code    22  daddsub_clz.o(x$fpl$drsb)
    _dsqrt                                   0x080078d9   Thumb Code   456  dsqrt_noumaal.o(x$fpl$dsqrt)
    __aeabi_dsub                             0x08007aa5   Thumb Code     0  daddsub_clz.o(x$fpl$dsub)
    _dsub                                    0x08007aa5   Thumb Code   464  daddsub_clz.o(x$fpl$dsub)
    __aeabi_f2d                              0x08007c79   Thumb Code     0  f2d.o(x$fpl$f2d)
    _f2d                                     0x08007c79   Thumb Code    86  f2d.o(x$fpl$f2d)
    __aeabi_fadd                             0x08007cd1   Thumb Code     0  faddsub_clz.o(x$fpl$fadd)
    _fadd                                    0x08007cd1   Thumb Code   196  faddsub_clz.o(x$fpl$fadd)
    __fpl_fcmp_Inf                           0x08007d95   Thumb Code    24  fcmpi.o(x$fpl$fcmpinf)
    __aeabi_fdiv                             0x08007dad   Thumb Code     0  fdiv.o(x$fpl$fdiv)
    _fdiv                                    0x08007dad   Thumb Code   384  fdiv.o(x$fpl$fdiv)
    __aeabi_cfcmpeq                          0x08007f31   Thumb Code     0  feqf.o(x$fpl$feqf)
    _fcmpeq                                  0x08007f31   Thumb Code   104  feqf.o(x$fpl$feqf)
    __aeabi_f2iz                             0x08007f99   Thumb Code     0  ffix.o(x$fpl$ffix)
    _ffix                                    0x08007f99   Thumb Code    54  ffix.o(x$fpl$ffix)
    __aeabi_f2uiz                            0x08007fd1   Thumb Code     0  ffixu.o(x$fpl$ffixu)
    _ffixu                                   0x08007fd1   Thumb Code    62  ffixu.o(x$fpl$ffixu)
    __aeabi_i2f                              0x08008011   Thumb Code     0  fflt_clz.o(x$fpl$fflt)
    _fflt                                    0x08008011   Thumb Code    48  fflt_clz.o(x$fpl$fflt)
    __aeabi_ui2f                             0x08008041   Thumb Code     0  fflt_clz.o(x$fpl$ffltu)
    _ffltu                                   0x08008041   Thumb Code    38  fflt_clz.o(x$fpl$ffltu)
    __aeabi_cfcmple                          0x08008069   Thumb Code     0  fleqf.o(x$fpl$fleqf)
    _fcmple                                  0x08008069   Thumb Code   104  fleqf.o(x$fpl$fleqf)
    __fpl_fcmple_InfNaN                      0x080080bb   Thumb Code     0  fleqf.o(x$fpl$fleqf)
    __aeabi_fmul                             0x080080d1   Thumb Code     0  fmul.o(x$fpl$fmul)
    _fmul                                    0x080080d1   Thumb Code   258  fmul.o(x$fpl$fmul)
    __fpl_fnaninf                            0x080081d3   Thumb Code   140  fnaninf.o(x$fpl$fnaninf)
    __fpl_fretinf                            0x0800825f   Thumb Code    10  fretinf.o(x$fpl$fretinf)
    __aeabi_cfrcmple                         0x08008269   Thumb Code     0  frleqf.o(x$fpl$frleqf)
    _frcmple                                 0x08008269   Thumb Code    98  frleqf.o(x$fpl$frleqf)
    __aeabi_frsub                            0x080082cb   Thumb Code     0  faddsub_clz.o(x$fpl$frsb)
    _frsb                                    0x080082cb   Thumb Code    20  faddsub_clz.o(x$fpl$frsb)
    __aeabi_fsub                             0x080082e1   Thumb Code     0  faddsub_clz.o(x$fpl$fsub)
    _fsub                                    0x080082e1   Thumb Code   234  faddsub_clz.o(x$fpl$fsub)
    _printf_fp_dec                           0x080083cb   Thumb Code     4  printf1.o(x$fpl$printf1)
    __fpl_return_NaN                         0x080083cf   Thumb Code   100  retnan.o(x$fpl$retnan)
    __ARM_scalbn                             0x08008433   Thumb Code    92  scalbn.o(x$fpl$scalbn)
    __fpl_cmpreturn                          0x0800848f   Thumb Code    48  trapv.o(x$fpl$trapveneer)
    __I$use$fp                               0x080084be   Number         0  usenofp.o(x$fpl$usenofp)
    hw                                       0x080084c0   Data          12  inv_mpu.o(.constdata)
    reg                                      0x080084cc   Data          27  inv_mpu.o(.constdata)
    test                                     0x080084e8   Data          40  inv_mpu.o(.constdata)
    __mathlib_zero                           0x080091f0   Data           8  qnan.o(.constdata)
    Region$$Table$$Base                      0x080092dc   Number         0  anon$$obj.o(Region$$Table)
    Region$$Table$$Limit                     0x080092fc   Number         0  anon$$obj.o(Region$$Table)
    start                                    0x20000000   Data           4  main.o(.data)
    start_over                               0x20000004   Data           4  main.o(.data)
    show_oled                                0x20000008   Data           4  main.o(.data)
    SystemCoreClock                          0x2000000c   Data           4  system_stm32f10x.o(.data)
    AHBPrescTable                            0x20000010   Data          16  system_stm32f10x.o(.data)
    Way_Angle                                0x20000034   Data           1  control.o(.data)
    Angle_Balance                            0x20000038   Data           4  control.o(.data)
    Gyro_Balance                             0x2000003c   Data           4  control.o(.data)
    Gyro_Turn                                0x20000040   Data           4  control.o(.data)
    Temperature                              0x20000044   Data           4  control.o(.data)
    Acceleration_Z                           0x20000048   Data           4  control.o(.data)
    Moto1                                    0x2000004c   Data           4  control.o(.data)
    Moto2                                    0x20000050   Data           4  control.o(.data)
    speedzuo                                 0x20000054   Data           4  control.o(.data)
    speedyou                                 0x20000058   Data           4  control.o(.data)
    i                                        0x2000005c   Data           4  control.o(.data)
    Motor_journey_cm                         0x20000060   Data           4  control.o(.data)
    Motor2_journey_cm                        0x20000064   Data           4  control.o(.data)
    g_fTargetJourney                         0x20000068   Data           4  control.o(.data)
    MotorPWM                                 0x2000006c   Data           4  control.o(.data)
    Motor2PWM                                0x20000070   Data           4  control.o(.data)
    g_lMotorPulseSigma                       0x20000074   Data           4  control.o(.data)
    g_lMotor2PulseSigma                      0x20000078   Data           4  control.o(.data)
    g_nMotorPulse                            0x2000007c   Data           4  control.o(.data)
    g_nMotor2Pulse                           0x20000080   Data           4  control.o(.data)
    location_control_count                   0x20000084   Data           1  control.o(.data)
    xunji_control_count                      0x20000085   Data           1  control.o(.data)
    mpu6050_control_count                    0x20000086   Data           1  control.o(.data)
    speed_Outval                             0x20000088   Data           4  control.o(.data)
    location_Outval                          0x2000008c   Data           4  control.o(.data)
    speed2_Outval                            0x20000090   Data           4  control.o(.data)
    location2_Outval                         0x20000094   Data           4  control.o(.data)
    Spin_start_flag                          0x20000098   Data           1  control.o(.data)
    Spin_succeed_flag                        0x20000099   Data           1  control.o(.data)
    Stop_Flag                                0x2000009a   Data           1  control.o(.data)
    stop_count                               0x2000009b   Data           1  control.o(.data)
    spin_count                               0x2000009c   Data           1  control.o(.data)
    Line_flag                                0x2000009d   Data           1  control.o(.data)
    Turn_flag                                0x2000009e   Data           1  control.o(.data)
    Xunji_flag                               0x2000009f   Data           1  control.o(.data)
    line_out                                 0x200000a0   Data           4  control.o(.data)
    line_out1                                0x200000a4   Data           4  control.o(.data)
    line_out2                                0x200000a8   Data           4  control.o(.data)
    Xunji_Outval                             0x200000ac   Data           4  control.o(.data)
    Xunji_Outval2                            0x200000b0   Data           4  control.o(.data)
    Target_turn                              0x200000b4   Data           4  control.o(.data)
    actual_angle                             0x200000b8   Data           4  control.o(.data)
    gyrox                                    0x200000bc   Data           2  control.o(.data)
    gyroy                                    0x200000be   Data           2  control.o(.data)
    gyroz                                    0x200000c0   Data           2  control.o(.data)
    turn_pwm                                 0x200000c4   Data           4  control.o(.data)
    turn_pwm1                                0x200000c8   Data           4  control.o(.data)
    turn_pwm2                                0x200000cc   Data           4  control.o(.data)
    mpu6050_Outval                           0x200000d0   Data           4  control.o(.data)
    mpu6050_Outval2                          0x200000d4   Data           4  control.o(.data)
    mpu6050_get_data                         0x200000d8   Data           4  control.o(.data)
    set_point                                0x200000dc   Data           4  protocol.o(.data)
    dt                                       0x200000e0   Data           4  filter.o(.data)
    gyro                                     0x20000164   Data           6  mpu6050.o(.data)
    accel                                    0x2000016a   Data           6  mpu6050.o(.data)
    sensors                                  0x20000170   Data           2  mpu6050.o(.data)
    Roll                                     0x20000174   Data           4  mpu6050.o(.data)
    Pitch                                    0x20000178   Data           4  mpu6050.o(.data)
    Yaw                                      0x2000017c   Data           4  mpu6050.o(.data)
    q0                                       0x20000180   Data           4  mpu6050.o(.data)
    q1                                       0x20000184   Data           4  mpu6050.o(.data)
    q2                                       0x20000188   Data           4  mpu6050.o(.data)
    q3                                       0x2000018c   Data           4  mpu6050.o(.data)
    Gx_offset                                0x2000019a   Data           2  mpu6050.o(.data)
    Gy_offset                                0x2000019c   Data           2  mpu6050.o(.data)
    Gz_offset                                0x2000019e   Data           2  mpu6050.o(.data)
    __stdout                                 0x200001d0   Data           4  usart.o(.data)
    USART_RX_STA                             0x200001d4   Data           2  usart.o(.data)
    rx_cnt                                   0x200001d6   Data           1  usart.o(.data)
    sizecopy                                 0x200001d8   Data           4  usart.o(.data)
    pid_speed                                0x20000274   Data          32  bsp_pid.o(.bss)
    pid_speed2                               0x20000294   Data          32  bsp_pid.o(.bss)
    pid_location                             0x200002b4   Data          32  bsp_pid.o(.bss)
    pid_location2                            0x200002d4   Data          32  bsp_pid.o(.bss)
    pid_JS                                   0x200002f4   Data          32  bsp_pid.o(.bss)
    pid_mpu6050                              0x20000314   Data          32  bsp_pid.o(.bss)
    USART_RX_BUF                             0x20000364   Data         200  usart.o(.bss)
    Recv1                                    0x2000042c   Data         128  usart.o(.bss)
    __libspace_start                         0x200004ac   Data          96  libspace.o(.bss)
    __temporary_stack_top$libspace           0x2000050c   Data           0  libspace.o(.bss)



==============================================================================

Memory Map of the image

  Image Entry point : 0x080000ed

  Load Region LR_IROM1 (Base: 0x08000000, Size: 0x000094f4, Max: 0x00010000, ABSOLUTE, COMPRESSED[0x00009358])

    Execution Region ER_IROM1 (Base: 0x08000000, Size: 0x00009318, Max: 0x00010000, ABSOLUTE)

    Base Addr    Size         Type   Attr      Idx    E Section Name        Object

    0x08000000   0x000000ec   Data   RO          325    RESET               startup_stm32f10x_md.o
    0x080000ec   0x00000008   Code   RO         4779  * !!!main             c_w.l(__main.o)
    0x080000f4   0x00000034   Code   RO         5156    !!!scatter          c_w.l(__scatter.o)
    0x08000128   0x0000005a   Code   RO         5154    !!dczerorl2         c_w.l(__dczerorl2.o)
    0x08000182   0x00000002   PAD
    0x08000184   0x0000001c   Code   RO         5158    !!handler_zi        c_w.l(__scatter_zi.o)
    0x080001a0   0x00000000   Code   RO         4766    .ARM.Collect$$_printf_percent$$00000000  c_w.l(_printf_percent.o)
    0x080001a0   0x00000006   Code   RO         4765    .ARM.Collect$$_printf_percent$$00000003  c_w.l(_printf_f.o)
    0x080001a6   0x00000006   Code   RO         4764    .ARM.Collect$$_printf_percent$$00000009  c_w.l(_printf_d.o)
    0x080001ac   0x00000004   Code   RO         4878    .ARM.Collect$$_printf_percent$$00000017  c_w.l(_printf_percent_end.o)
    0x080001b0   0x00000002   Code   RO         5024    .ARM.Collect$$libinit$$00000000  c_w.l(libinit.o)
    0x080001b2   0x00000000   Code   RO         5026    .ARM.Collect$$libinit$$00000002  c_w.l(libinit2.o)
    0x080001b2   0x00000000   Code   RO         5028    .ARM.Collect$$libinit$$00000004  c_w.l(libinit2.o)
    0x080001b2   0x00000000   Code   RO         5031    .ARM.Collect$$libinit$$0000000A  c_w.l(libinit2.o)
    0x080001b2   0x00000000   Code   RO         5033    .ARM.Collect$$libinit$$0000000C  c_w.l(libinit2.o)
    0x080001b2   0x00000000   Code   RO         5035    .ARM.Collect$$libinit$$0000000E  c_w.l(libinit2.o)
    0x080001b2   0x00000006   Code   RO         5036    .ARM.Collect$$libinit$$0000000F  c_w.l(libinit2.o)
    0x080001b8   0x00000000   Code   RO         5038    .ARM.Collect$$libinit$$00000011  c_w.l(libinit2.o)
    0x080001b8   0x00000000   Code   RO         5040    .ARM.Collect$$libinit$$00000013  c_w.l(libinit2.o)
    0x080001b8   0x00000000   Code   RO         5042    .ARM.Collect$$libinit$$00000015  c_w.l(libinit2.o)
    0x080001b8   0x0000000a   Code   RO         5043    .ARM.Collect$$libinit$$00000016  c_w.l(libinit2.o)
    0x080001c2   0x00000000   Code   RO         5044    .ARM.Collect$$libinit$$00000017  c_w.l(libinit2.o)
    0x080001c2   0x00000000   Code   RO         5046    .ARM.Collect$$libinit$$00000019  c_w.l(libinit2.o)
    0x080001c2   0x00000000   Code   RO         5048    .ARM.Collect$$libinit$$0000001B  c_w.l(libinit2.o)
    0x080001c2   0x00000000   Code   RO         5050    .ARM.Collect$$libinit$$0000001D  c_w.l(libinit2.o)
    0x080001c2   0x00000000   Code   RO         5052    .ARM.Collect$$libinit$$0000001F  c_w.l(libinit2.o)
    0x080001c2   0x00000000   Code   RO         5054    .ARM.Collect$$libinit$$00000021  c_w.l(libinit2.o)
    0x080001c2   0x00000000   Code   RO         5056    .ARM.Collect$$libinit$$00000023  c_w.l(libinit2.o)
    0x080001c2   0x00000000   Code   RO         5058    .ARM.Collect$$libinit$$00000025  c_w.l(libinit2.o)
    0x080001c2   0x00000000   Code   RO         5062    .ARM.Collect$$libinit$$0000002C  c_w.l(libinit2.o)
    0x080001c2   0x00000000   Code   RO         5064    .ARM.Collect$$libinit$$0000002E  c_w.l(libinit2.o)
    0x080001c2   0x00000000   Code   RO         5066    .ARM.Collect$$libinit$$00000030  c_w.l(libinit2.o)
    0x080001c2   0x00000000   Code   RO         5068    .ARM.Collect$$libinit$$00000032  c_w.l(libinit2.o)
    0x080001c2   0x00000002   Code   RO         5069    .ARM.Collect$$libinit$$00000033  c_w.l(libinit2.o)
    0x080001c4   0x00000002   Code   RO         5115    .ARM.Collect$$libshutdown$$00000000  c_w.l(libshutdown.o)
    0x080001c6   0x00000000   Code   RO         5125    .ARM.Collect$$libshutdown$$00000003  c_w.l(libshutdown2.o)
    0x080001c6   0x00000000   Code   RO         5128    .ARM.Collect$$libshutdown$$00000006  c_w.l(libshutdown2.o)
    0x080001c6   0x00000000   Code   RO         5131    .ARM.Collect$$libshutdown$$00000009  c_w.l(libshutdown2.o)
    0x080001c6   0x00000000   Code   RO         5133    .ARM.Collect$$libshutdown$$0000000B  c_w.l(libshutdown2.o)
    0x080001c6   0x00000000   Code   RO         5136    .ARM.Collect$$libshutdown$$0000000E  c_w.l(libshutdown2.o)
    0x080001c6   0x00000002   Code   RO         5137    .ARM.Collect$$libshutdown$$0000000F  c_w.l(libshutdown2.o)
    0x080001c8   0x00000000   Code   RO         4867    .ARM.Collect$$rtentry$$00000000  c_w.l(__rtentry.o)
    0x080001c8   0x00000000   Code   RO         4934    .ARM.Collect$$rtentry$$00000002  c_w.l(__rtentry2.o)
    0x080001c8   0x00000006   Code   RO         4946    .ARM.Collect$$rtentry$$00000004  c_w.l(__rtentry4.o)
    0x080001ce   0x00000000   Code   RO         4936    .ARM.Collect$$rtentry$$00000009  c_w.l(__rtentry2.o)
    0x080001ce   0x00000004   Code   RO         4937    .ARM.Collect$$rtentry$$0000000A  c_w.l(__rtentry2.o)
    0x080001d2   0x00000000   Code   RO         4939    .ARM.Collect$$rtentry$$0000000C  c_w.l(__rtentry2.o)
    0x080001d2   0x00000008   Code   RO         4940    .ARM.Collect$$rtentry$$0000000D  c_w.l(__rtentry2.o)
    0x080001da   0x00000002   Code   RO         5072    .ARM.Collect$$rtexit$$00000000  c_w.l(rtexit.o)
    0x080001dc   0x00000000   Code   RO         5085    .ARM.Collect$$rtexit$$00000002  c_w.l(rtexit2.o)
    0x080001dc   0x00000004   Code   RO         5086    .ARM.Collect$$rtexit$$00000003  c_w.l(rtexit2.o)
    0x080001e0   0x00000006   Code   RO         5087    .ARM.Collect$$rtexit$$00000004  c_w.l(rtexit2.o)
    0x080001e6   0x00000002   PAD
    0x080001e8   0x00000040   Code   RO          326    .text               startup_stm32f10x_md.o
    0x08000228   0x00000002   Code   RO         4732    .text               c_w.l(use_no_semi_2.o)
    0x0800022a   0x00000048   Code   RO         4734    .text               c_w.l(llsdiv.o)
    0x08000272   0x00000002   PAD
    0x08000274   0x00000018   Code   RO         4738    .text               c_w.l(noretval__2printf.o)
    0x0800028c   0x00000078   Code   RO         4742    .text               c_w.l(_printf_dec.o)
    0x08000304   0x0000010e   Code   RO         4752    .text               c_w.l(__printf_wp.o)
    0x08000412   0x00000058   Code   RO         4767    .text               c_w.l(memcmp.o)
    0x0800046a   0x0000008a   Code   RO         4769    .text               c_w.l(rt_memcpy_v6.o)
    0x080004f4   0x00000010   Code   RO         4771    .text               c_w.l(aeabi_memset.o)
    0x08000504   0x00000044   Code   RO         4773    .text               c_w.l(rt_memclr.o)
    0x08000548   0x0000004e   Code   RO         4775    .text               c_w.l(rt_memclr_w.o)
    0x08000596   0x00000006   Code   RO         4777    .text               c_w.l(heapauxi.o)
    0x0800059c   0x00000002   Code   RO         4865    .text               c_w.l(use_no_semi.o)
    0x0800059e   0x000000ee   Code   RO         4868    .text               c_w.l(lludivv7m.o)
    0x0800068c   0x00000016   Code   RO         4870    .text               c_w.l(_rserrno.o)
    0x080006a2   0x000000b2   Code   RO         4872    .text               c_w.l(_printf_intcommon.o)
    0x08000754   0x0000041a   Code   RO         4874    .text               c_w.l(_printf_fp_dec.o)
    0x08000b6e   0x00000002   PAD
    0x08000b70   0x00000024   Code   RO         4876    .text               c_w.l(_printf_char_file.o)
    0x08000b94   0x00000064   Code   RO         4879    .text               c_w.l(rt_memcpy_w.o)
    0x08000bf8   0x00000008   Code   RO         4955    .text               c_w.l(rt_locale_intlibspace.o)
    0x08000c00   0x00000008   Code   RO         4960    .text               c_w.l(rt_errno_addr_intlibspace.o)
    0x08000c08   0x0000008a   Code   RO         4962    .text               c_w.l(lludiv10.o)
    0x08000c92   0x00000002   PAD
    0x08000c94   0x00000030   Code   RO         4964    .text               c_w.l(_printf_char_common.o)
    0x08000cc4   0x00000080   Code   RO         4966    .text               c_w.l(_printf_fp_infnan.o)
    0x08000d44   0x000000dc   Code   RO         4968    .text               c_w.l(bigflt0.o)
    0x08000e20   0x00000008   Code   RO         4993    .text               c_w.l(ferror.o)
    0x08000e28   0x00000008   Code   RO         5006    .text               c_w.l(libspace.o)
    0x08000e30   0x0000004a   Code   RO         5009    .text               c_w.l(sys_stackheap_outer.o)
    0x08000e7a   0x0000000c   Code   RO         5015    .text               c_w.l(exit.o)
    0x08000e86   0x00000002   PAD
    0x08000e88   0x00000080   Code   RO         5017    .text               c_w.l(strcmpv7m.o)
    0x08000f08   0x0000003e   Code   RO         4971    CL$$btod_d2e        c_w.l(btod.o)
    0x08000f46   0x00000046   Code   RO         4973    CL$$btod_d2e_denorm_low  c_w.l(btod.o)
    0x08000f8c   0x00000060   Code   RO         4972    CL$$btod_d2e_norm_op1  c_w.l(btod.o)
    0x08000fec   0x00000338   Code   RO         4981    CL$$btod_div_common  c_w.l(btod.o)
    0x08001324   0x000000c6   Code   RO         4978    CL$$btod_e2e        c_w.l(btod.o)
    0x080013ea   0x00000028   Code   RO         4975    CL$$btod_ediv       c_w.l(btod.o)
    0x08001412   0x00000028   Code   RO         4974    CL$$btod_emul       c_w.l(btod.o)
    0x0800143a   0x00000244   Code   RO         4980    CL$$btod_mult_common  c_w.l(btod.o)
    0x0800167e   0x00000004   Code   RO          189    i.BusFault_Handler  stm32f10x_it.o
    0x08001682   0x00000002   PAD
    0x08001684   0x00000060   Code   RO         3915    i.Complementary_Filter_x  filter.o
    0x080016e4   0x00000060   Code   RO         3916    i.Complementary_Filter_y  filter.o
    0x08001744   0x00000210   Code   RO         3949    i.DMP_Init          mpu6050.o
    0x08001954   0x00000002   Code   RO          190    i.DebugMon_Handler  stm32f10x_it.o
    0x08001956   0x00000002   PAD
    0x08001958   0x0000002c   Code   RO         3573    i.EXTI15_10_IRQHandler  control.o
    0x08001984   0x00000030   Code   RO         3857    i.EXTI9_5_IRQHandler  exti.o
    0x080019b4   0x0000000c   Code   RO         1128    i.EXTI_ClearITPendingBit  stm32f10x_exti.o
    0x080019c0   0x00000028   Code   RO         1132    i.EXTI_GetITStatus  stm32f10x_exti.o
    0x080019e8   0x00000094   Code   RO         1133    i.EXTI_Init         stm32f10x_exti.o
    0x08001a7c   0x000000a0   Code   RO         3536    i.Encoder_Init_TIM2  encoder.o
    0x08001b1c   0x0000009c   Code   RO         3537    i.Encoder_Init_TIM4  encoder.o
    0x08001bb8   0x00000040   Code   RO         1478    i.GPIO_EXTILineConfig  stm32f10x_gpio.o
    0x08001bf8   0x00000116   Code   RO         1481    i.GPIO_Init         stm32f10x_gpio.o
    0x08001d0e   0x00000002   PAD
    0x08001d10   0x00000090   Code   RO         1483    i.GPIO_PinRemapConfig  stm32f10x_gpio.o
    0x08001da0   0x00000004   Code   RO         1488    i.GPIO_ResetBits    stm32f10x_gpio.o
    0x08001da4   0x00000004   Code   RO         1489    i.GPIO_SetBits      stm32f10x_gpio.o
    0x08001da8   0x000002f4   Code   RO         3574    i.Get_Angle         control.o
    0x0800209c   0x00000004   Code   RO          191    i.HardFault_Handler  stm32f10x_it.o
    0x080020a0   0x00000046   Code   RO         4056    i.I2C_ReadOneByte   ioi2c.o
    0x080020e6   0x00000002   PAD
    0x080020e8   0x0000004c   Code   RO         4057    i.IIC_Ack           ioi2c.o
    0x08002134   0x0000002c   Code   RO         4058    i.IIC_Init          ioi2c.o
    0x08002160   0x0000004c   Code   RO         4059    i.IIC_NAck          ioi2c.o
    0x080021ac   0x00000070   Code   RO         4060    i.IIC_Read_Byte     ioi2c.o
    0x0800221c   0x00000064   Code   RO         4061    i.IIC_Send_Byte     ioi2c.o
    0x08002280   0x00000068   Code   RO         4062    i.IIC_Start         ioi2c.o
    0x080022e8   0x00000048   Code   RO         4063    i.IIC_Stop          ioi2c.o
    0x08002330   0x00000068   Code   RO         4064    i.IIC_Wait_Ack      ioi2c.o
    0x08002398   0x00000016   Code   RO         4065    i.IICreadByte       ioi2c.o
    0x080023ae   0x00000040   Code   RO         4067    i.IICwriteBit       ioi2c.o
    0x080023ee   0x0000006a   Code   RO         4068    i.IICwriteBits      ioi2c.o
    0x08002458   0x00000014   Code   RO         4069    i.IICwriteByte      ioi2c.o
    0x0800246c   0x00000046   Code   RO         4070    i.IICwriteBytes     ioi2c.o
    0x080024b2   0x00000002   PAD
    0x080024b4   0x00000270   Code   RO         3917    i.Kalman_Filter_x   filter.o
    0x08002724   0x00000270   Code   RO         3918    i.Kalman_Filter_y   filter.o
    0x08002994   0x00000038   Code   RO         3686    i.LED_GPIO_Config   led.o
    0x080029cc   0x00000028   Code   RO         3951    i.MPU6050_initialize  mpu6050.o
    0x080029f4   0x00000014   Code   RO         3953    i.MPU6050_setClockSource  mpu6050.o
    0x08002a08   0x00000014   Code   RO         3954    i.MPU6050_setFullScaleAccelRange  mpu6050.o
    0x08002a1c   0x00000014   Code   RO         3955    i.MPU6050_setFullScaleGyroRange  mpu6050.o
    0x08002a30   0x00000012   Code   RO         3956    i.MPU6050_setI2CBypassEnabled  mpu6050.o
    0x08002a42   0x00000012   Code   RO         3957    i.MPU6050_setI2CMasterModeEnabled  mpu6050.o
    0x08002a54   0x00000012   Code   RO         3958    i.MPU6050_setSleepEnabled  mpu6050.o
    0x08002a66   0x00000004   Code   RO          192    i.MemManage_Handler  stm32f10x_it.o
    0x08002a6a   0x00000002   PAD
    0x08002a6c   0x00000070   Code   RO         3859    i.MiniBalance_EXTI_Init  exti.o
    0x08002adc   0x00000002   Code   RO          193    i.NMI_Handler       stm32f10x_it.o
    0x08002ade   0x00000002   PAD
    0x08002ae0   0x00000070   Code   RO          330    i.NVIC_Init         misc.o
    0x08002b50   0x00000014   Code   RO          331    i.NVIC_PriorityGroupConfig  misc.o
    0x08002b64   0x0000003e   Code   RO         3329    i.OLED_Clear        oled.o
    0x08002ba2   0x0000001c   Code   RO         3331    i.OLED_Display_On   oled.o
    0x08002bbe   0x00000002   PAD
    0x08002bc0   0x00000030   Code   RO         3335    i.OLED_IIC_Start    oled.o
    0x08002bf0   0x00000028   Code   RO         3336    i.OLED_IIC_Stop     oled.o
    0x08002c18   0x0000001c   Code   RO         3337    i.OLED_IIC_Wait_Ack  oled.o
    0x08002c34   0x00000124   Code   RO         3338    i.OLED_Init         oled.o
    0x08002d58   0x00000018   Code   RO         3350    i.OLED_WR_Byte      oled.o
    0x08002d70   0x0000005c   Code   RO         3351    i.OLED_Write_IIC_Byte  oled.o
    0x08002dcc   0x0000002c   Code   RO         3352    i.OLED_Write_IIC_Command  oled.o
    0x08002df8   0x0000002c   Code   RO         3353    i.OLED_Write_IIC_Data  oled.o
    0x08002e24   0x000000bc   Code   RO         3777    i.PID_param_init    bsp_pid.o
    0x08002ee0   0x00000002   Code   RO          194    i.PendSV_Handler    stm32f10x_it.o
    0x08002ee2   0x00000002   PAD
    0x08002ee4   0x00000020   Code   RO         1897    i.RCC_APB1PeriphClockCmd  stm32f10x_rcc.o
    0x08002f04   0x00000020   Code   RO         1899    i.RCC_APB2PeriphClockCmd  stm32f10x_rcc.o
    0x08002f24   0x000000d4   Code   RO         1907    i.RCC_GetClocksFreq  stm32f10x_rcc.o
    0x08002ff8   0x0000025c   Code   RO         3960    i.Read_DMP          mpu6050.o
    0x08003254   0x00000080   Code   RO         3961    i.Read_Temperature  mpu6050.o
    0x080032d4   0x00000002   Code   RO          195    i.SVC_Handler       stm32f10x_it.o
    0x080032d6   0x00000008   Code   RO          278    i.SetSysClock       system_stm32f10x.o
    0x080032de   0x00000002   PAD
    0x080032e0   0x000000e0   Code   RO          279    i.SetSysClockTo72   system_stm32f10x.o
    0x080033c0   0x00000028   Code   RO          334    i.SysTick_CLKSourceConfig  misc.o
    0x080033e8   0x00000002   Code   RO          196    i.SysTick_Handler   stm32f10x_it.o
    0x080033ea   0x00000002   PAD
    0x080033ec   0x00000060   Code   RO          281    i.SystemInit        system_stm32f10x.o
    0x0800344c   0x00000080   Code   RO         2515    i.TI1_Config        stm32f10x_tim.o
    0x080034cc   0x00000098   Code   RO         2516    i.TI2_Config        stm32f10x_tim.o
    0x08003564   0x00000090   Code   RO         2517    i.TI3_Config        stm32f10x_tim.o
    0x080035f4   0x00000098   Code   RO         2518    i.TI4_Config        stm32f10x_tim.o
    0x0800368c   0x00000018   Code   RO         3539    i.TIM2_IRQHandler   encoder.o
    0x080036a4   0x0000001c   Code   RO         3577    i.TIM3_IRQHandler   control.o
    0x080036c0   0x00000060   Code   RO         3309    i.TIM3_Int_Init     pwm.o
    0x08003720   0x00000018   Code   RO         3540    i.TIM4_IRQHandler   encoder.o
    0x08003738   0x00000018   Code   RO         2519    i.TIM_ARRPreloadConfig  stm32f10x_tim.o
    0x08003750   0x00000006   Code   RO         2525    i.TIM_ClearFlag     stm32f10x_tim.o
    0x08003756   0x00000006   Code   RO         2526    i.TIM_ClearITPendingBit  stm32f10x_tim.o
    0x0800375c   0x00000018   Code   RO         2531    i.TIM_Cmd           stm32f10x_tim.o
    0x08003774   0x0000001e   Code   RO         2533    i.TIM_CtrlPWMOutputs  stm32f10x_tim.o
    0x08003792   0x00000042   Code   RO         2540    i.TIM_EncoderInterfaceConfig  stm32f10x_tim.o
    0x080037d4   0x00000022   Code   RO         2552    i.TIM_GetITStatus   stm32f10x_tim.o
    0x080037f6   0x00000002   PAD
    0x080037f8   0x000000ac   Code   RO         2554    i.TIM_ICInit        stm32f10x_tim.o
    0x080038a4   0x00000012   Code   RO         2555    i.TIM_ICStructInit  stm32f10x_tim.o
    0x080038b6   0x00000012   Code   RO         2556    i.TIM_ITConfig      stm32f10x_tim.o
    0x080038c8   0x00000098   Code   RO         2560    i.TIM_OC1Init       stm32f10x_tim.o
    0x08003960   0x00000012   Code   RO         2563    i.TIM_OC1PreloadConfig  stm32f10x_tim.o
    0x08003972   0x00000002   PAD
    0x08003974   0x0000007c   Code   RO         2575    i.TIM_OC4Init       stm32f10x_tim.o
    0x080039f0   0x0000001a   Code   RO         2577    i.TIM_OC4PreloadConfig  stm32f10x_tim.o
    0x08003a0a   0x00000004   Code   RO         2596    i.TIM_SetCounter    stm32f10x_tim.o
    0x08003a0e   0x00000012   Code   RO         2597    i.TIM_SetIC1Prescaler  stm32f10x_tim.o
    0x08003a20   0x0000001a   Code   RO         2598    i.TIM_SetIC2Prescaler  stm32f10x_tim.o
    0x08003a3a   0x00000012   Code   RO         2599    i.TIM_SetIC3Prescaler  stm32f10x_tim.o
    0x08003a4c   0x0000001a   Code   RO         2600    i.TIM_SetIC4Prescaler  stm32f10x_tim.o
    0x08003a66   0x00000002   PAD
    0x08003a68   0x000000a4   Code   RO         2602    i.TIM_TimeBaseInit  stm32f10x_tim.o
    0x08003b0c   0x00000012   Code   RO         2603    i.TIM_TimeBaseStructInit  stm32f10x_tim.o
    0x08003b1e   0x00000002   PAD
    0x08003b20   0x000000a4   Code   RO         4683    i.USART1_IRQHandler  usart.o
    0x08003bc4   0x0000001e   Code   RO         3064    i.USART_ClearITPendingBit  stm32f10x_usart.o
    0x08003be2   0x00000018   Code   RO         3067    i.USART_Cmd         stm32f10x_usart.o
    0x08003bfa   0x00000054   Code   RO         3071    i.USART_GetITStatus  stm32f10x_usart.o
    0x08003c4e   0x0000004a   Code   RO         3073    i.USART_ITConfig    stm32f10x_usart.o
    0x08003c98   0x000000d8   Code   RO         3074    i.USART_Init        stm32f10x_usart.o
    0x08003d70   0x0000000a   Code   RO         3081    i.USART_ReceiveData  stm32f10x_usart.o
    0x08003d7a   0x00000004   Code   RO          197    i.UsageFault_Handler  stm32f10x_it.o
    0x08003d7e   0x00000028   Code   RO         4920    i.__ARM_fpclassify  m_ws.l(fpclassify.o)
    0x08003da6   0x000000aa   Code   RO         4922    i.__kernel_poly     m_ws.l(poly.o)
    0x08003e50   0x00000006   Code   RO         4907    i.__mathlib_dbl_infnan  m_ws.l(dunder.o)
    0x08003e56   0x00000004   Code   RO         4908    i.__mathlib_dbl_infnan2  m_ws.l(dunder.o)
    0x08003e5a   0x0000000c   Code   RO         4909    i.__mathlib_dbl_invalid  m_ws.l(dunder.o)
    0x08003e66   0x00000002   PAD
    0x08003e68   0x00000010   Code   RO         4912    i.__mathlib_dbl_underflow  m_ws.l(dunder.o)
    0x08003e78   0x0000000e   Code   RO         4754    i._is_digit         c_w.l(__printf_wp.o)
    0x08003e86   0x00000004   Code   RO         4684    i._sys_exit         usart.o
    0x08003e8a   0x00000002   PAD
    0x08003e8c   0x000000a8   Code   RO         4164    i.accel_self_test   inv_mpu.o
    0x08003f34   0x00000270   Code   RO         4848    i.asin              m_ws.l(asin.o)
    0x080041a4   0x00000220   Code   RO         4897    i.atan              m_ws.l(atan.o)
    0x080043c4   0x00000180   Code   RO         4858    i.atan2             m_ws.l(atan2.o)
    0x08004544   0x0000001c   Code   RO         3698    i.check_sum         protocol.o
    0x08004560   0x00000064   Code   RO         4453    i.decode_gesture    inv_mpu_dmp_motion_driver.o
    0x080045c4   0x00000044   Code   RO         4629    i.delay_init        delay.o
    0x08004608   0x0000004c   Code   RO         4630    i.delay_ms          delay.o
    0x08004654   0x0000004c   Code   RO         4631    i.delay_us          delay.o
    0x080046a0   0x0000003c   Code   RO         4454    i.dmp_enable_6x_lp_quat  inv_mpu_dmp_motion_driver.o
    0x080046dc   0x0000021c   Code   RO         4455    i.dmp_enable_feature  inv_mpu_dmp_motion_driver.o
    0x080048f8   0x00000058   Code   RO         4456    i.dmp_enable_gyro_cal  inv_mpu_dmp_motion_driver.o
    0x08004950   0x0000003c   Code   RO         4457    i.dmp_enable_lp_quat  inv_mpu_dmp_motion_driver.o
    0x0800498c   0x00000018   Code   RO         4462    i.dmp_load_motion_driver_firmware  inv_mpu_dmp_motion_driver.o
    0x080049a4   0x000001cc   Code   RO         4463    i.dmp_read_fifo     inv_mpu_dmp_motion_driver.o
    0x08004b70   0x00000130   Code   RO         4466    i.dmp_set_accel_bias  inv_mpu_dmp_motion_driver.o
    0x08004ca0   0x00000070   Code   RO         4467    i.dmp_set_fifo_rate  inv_mpu_dmp_motion_driver.o
    0x08004d10   0x00000130   Code   RO         4468    i.dmp_set_gyro_bias  inv_mpu_dmp_motion_driver.o
    0x08004e40   0x00000138   Code   RO         4470    i.dmp_set_orientation  inv_mpu_dmp_motion_driver.o
    0x08004f78   0x00000038   Code   RO         4473    i.dmp_set_shake_reject_thresh  inv_mpu_dmp_motion_driver.o
    0x08004fb0   0x00000026   Code   RO         4474    i.dmp_set_shake_reject_time  inv_mpu_dmp_motion_driver.o
    0x08004fd6   0x00000026   Code   RO         4475    i.dmp_set_shake_reject_timeout  inv_mpu_dmp_motion_driver.o
    0x08004ffc   0x00000046   Code   RO         4476    i.dmp_set_tap_axes  inv_mpu_dmp_motion_driver.o
    0x08005042   0x00000026   Code   RO         4477    i.dmp_set_tap_count  inv_mpu_dmp_motion_driver.o
    0x08005068   0x000001a0   Code   RO         4478    i.dmp_set_tap_thresh  inv_mpu_dmp_motion_driver.o
    0x08005208   0x00000026   Code   RO         4479    i.dmp_set_tap_time  inv_mpu_dmp_motion_driver.o
    0x0800522e   0x00000026   Code   RO         4480    i.dmp_set_tap_time_multi  inv_mpu_dmp_motion_driver.o
    0x08005254   0x0000001c   Code   RO         4685    i.fputc             usart.o
    0x08005270   0x000000b4   Code   RO         4165    i.get_accel_prod_shift  inv_mpu.o
    0x08005324   0x00000020   Code   RO         3699    i.get_frame_checksum  protocol.o
    0x08005344   0x0000005c   Code   RO         3700    i.get_frame_len     protocol.o
    0x080053a0   0x0000001e   Code   RO         3701    i.get_frame_type    protocol.o
    0x080053be   0x00000002   PAD
    0x080053c0   0x00000470   Code   RO         4166    i.get_st_biases     inv_mpu.o
    0x08005830   0x00000110   Code   RO         4167    i.gyro_self_test    inv_mpu.o
    0x08005940   0x00000038   Code   RO         3886    i.hongwai_Init      bsp_graysensor.o
    0x08005978   0x00000076   Code   RO         4071    i.i2cRead           ioi2c.o
    0x080059ee   0x00000060   Code   RO         4072    i.i2cWrite          ioi2c.o
    0x08005a4e   0x00000028   Code   RO         3962    i.inv_orientation_matrix_to_scalar  mpu6050.o
    0x08005a76   0x0000004e   Code   RO         3963    i.inv_row_2_scale   mpu6050.o
    0x08005ac4   0x0000009c   Code   RO            1    i.main              main.o
    0x08005b60   0x0000002c   Code   RO         3297    i.motor_init        motor.o
    0x08005b8c   0x00000070   Code   RO         4168    i.mpu_configure_fifo  inv_mpu.o
    0x08005bfc   0x0000004c   Code   RO         4169    i.mpu_get_accel_fsr  inv_mpu.o
    0x08005c48   0x00000054   Code   RO         4171    i.mpu_get_accel_sens  inv_mpu.o
    0x08005c9c   0x00000010   Code   RO         4176    i.mpu_get_fifo_config  inv_mpu.o
    0x08005cac   0x00000044   Code   RO         4177    i.mpu_get_gyro_fsr  inv_mpu.o
    0x08005cf0   0x00000050   Code   RO         4179    i.mpu_get_gyro_sens  inv_mpu.o
    0x08005d40   0x00000050   Code   RO         4181    i.mpu_get_lpf       inv_mpu.o
    0x08005d90   0x00000020   Code   RO         4183    i.mpu_get_sample_rate  inv_mpu.o
    0x08005db0   0x000001f0   Code   RO         4185    i.mpu_init          inv_mpu.o
    0x08005fa0   0x000000b8   Code   RO         4186    i.mpu_load_firmware  inv_mpu.o
    0x08006058   0x000000e0   Code   RO         4187    i.mpu_lp_accel_mode  inv_mpu.o
    0x08006138   0x000000c0   Code   RO         4190    i.mpu_read_fifo_stream  inv_mpu.o
    0x080061f8   0x00000080   Code   RO         4191    i.mpu_read_mem      inv_mpu.o
    0x08006278   0x000001bc   Code   RO         4194    i.mpu_reset_fifo    inv_mpu.o
    0x08006434   0x0000011c   Code   RO         4195    i.mpu_run_self_test  inv_mpu.o
    0x08006550   0x00000084   Code   RO         4197    i.mpu_set_accel_fsr  inv_mpu.o
    0x080065d4   0x0000014c   Code   RO         4198    i.mpu_set_bypass    inv_mpu.o
    0x08006720   0x00000090   Code   RO         4200    i.mpu_set_dmp_state  inv_mpu.o
    0x080067b0   0x00000088   Code   RO         4201    i.mpu_set_gyro_fsr  inv_mpu.o
    0x08006838   0x0000006c   Code   RO         4202    i.mpu_set_int_latched  inv_mpu.o
    0x080068a4   0x00000084   Code   RO         4204    i.mpu_set_lpf       inv_mpu.o
    0x08006928   0x0000009c   Code   RO         4205    i.mpu_set_sample_rate  inv_mpu.o
    0x080069c4   0x000000d0   Code   RO         4206    i.mpu_set_sensors   inv_mpu.o
    0x08006a94   0x00000080   Code   RO         4207    i.mpu_write_mem     inv_mpu.o
    0x08006b14   0x00000002   Code   RO         4208    i.myget_ms          inv_mpu.o
    0x08006b16   0x00000002   PAD
    0x08006b18   0x00000034   Code   RO         3702    i.protocol_data_recv  protocol.o
    0x08006b4c   0x000001bc   Code   RO         3703    i.protocol_frame_parse  protocol.o
    0x08006d08   0x0000001c   Code   RO         3704    i.protocol_init     protocol.o
    0x08006d24   0x000000ac   Code   RO         3310    i.pwm_Init          pwm.o
    0x08006dd0   0x0000015c   Code   RO         3705    i.receiving_process  protocol.o
    0x08006f2c   0x00000074   Code   RO         3706    i.recvbuf_find_header  protocol.o
    0x08006fa0   0x00000022   Code   RO         3707    i.recvbuf_get_len_to_parse  protocol.o
    0x08006fc2   0x00000046   Code   RO         3708    i.recvbuf_put_data  protocol.o
    0x08007008   0x00000090   Code   RO         3964    i.run_self_test     mpu6050.o
    0x08007098   0x00000090   Code   RO         4209    i.set_int_enable    inv_mpu.o
    0x08007128   0x00000008   Code   RO         3782    i.set_p_i_d         bsp_pid.o
    0x08007130   0x00000004   Code   RO         3783    i.set_pid_target    bsp_pid.o
    0x08007134   0x0000004c   Code   RO         4926    i.sqrt              m_ws.l(sqrt.o)
    0x08007180   0x000000a4   Code   RO         4686    i.uart_init         usart.o
    0x08007224   0x0000002c   Code   RO         4998    locale$$code        c_w.l(lc_numeric_c.o)
    0x08007250   0x00000062   Code   RO         4781    x$fpl$d2f           fz_ws.l(d2f.o)
    0x080072b2   0x00000002   PAD
    0x080072b4   0x00000150   Code   RO         4783    x$fpl$dadd          fz_ws.l(daddsub_clz.o)
    0x08007404   0x00000010   Code   RO         5000    x$fpl$dcheck1       fz_ws.l(dcheck1.o)
    0x08007414   0x000002b0   Code   RO         4790    x$fpl$ddiv          fz_ws.l(ddiv.o)
    0x080076c4   0x00000154   Code   RO         4809    x$fpl$dmul          fz_ws.l(dmul.o)
    0x08007818   0x0000009c   Code   RO         4883    x$fpl$dnaninf       fz_ws.l(dnaninf.o)
    0x080078b4   0x0000000c   Code   RO         4885    x$fpl$dretinf       fz_ws.l(dretinf.o)
    0x080078c0   0x00000016   Code   RO         4784    x$fpl$drsb          fz_ws.l(daddsub_clz.o)
    0x080078d6   0x00000002   PAD
    0x080078d8   0x000001cc   Code   RO         5002    x$fpl$dsqrt         fz_ws.l(dsqrt_noumaal.o)
    0x08007aa4   0x000001d4   Code   RO         4785    x$fpl$dsub          fz_ws.l(daddsub_clz.o)
    0x08007c78   0x00000056   Code   RO         4811    x$fpl$f2d           fz_ws.l(f2d.o)
    0x08007cce   0x00000002   PAD
    0x08007cd0   0x000000c4   Code   RO         4813    x$fpl$fadd          fz_ws.l(faddsub_clz.o)
    0x08007d94   0x00000018   Code   RO         4887    x$fpl$fcmpinf       fz_ws.l(fcmpi.o)
    0x08007dac   0x00000184   Code   RO         4820    x$fpl$fdiv          fz_ws.l(fdiv.o)
    0x08007f30   0x00000068   Code   RO         4823    x$fpl$feqf          fz_ws.l(feqf.o)
    0x08007f98   0x00000036   Code   RO         4825    x$fpl$ffix          fz_ws.l(ffix.o)
    0x08007fce   0x00000002   PAD
    0x08007fd0   0x0000003e   Code   RO         4829    x$fpl$ffixu         fz_ws.l(ffixu.o)
    0x0800800e   0x00000002   PAD
    0x08008010   0x00000030   Code   RO         4834    x$fpl$fflt          fz_ws.l(fflt_clz.o)
    0x08008040   0x00000026   Code   RO         4833    x$fpl$ffltu         fz_ws.l(fflt_clz.o)
    0x08008066   0x00000002   PAD
    0x08008068   0x00000068   Code   RO         4839    x$fpl$fleqf         fz_ws.l(fleqf.o)
    0x080080d0   0x00000102   Code   RO         4841    x$fpl$fmul          fz_ws.l(fmul.o)
    0x080081d2   0x0000008c   Code   RO         4889    x$fpl$fnaninf       fz_ws.l(fnaninf.o)
    0x0800825e   0x0000000a   Code   RO         4891    x$fpl$fretinf       fz_ws.l(fretinf.o)
    0x08008268   0x00000062   Code   RO         4843    x$fpl$frleqf        fz_ws.l(frleqf.o)
    0x080082ca   0x00000014   Code   RO         4814    x$fpl$frsb          fz_ws.l(faddsub_clz.o)
    0x080082de   0x00000002   PAD
    0x080082e0   0x000000ea   Code   RO         4815    x$fpl$fsub          fz_ws.l(faddsub_clz.o)
    0x080083ca   0x00000004   Code   RO         4845    x$fpl$printf1       fz_ws.l(printf1.o)
    0x080083ce   0x00000064   Code   RO         5070    x$fpl$retnan        fz_ws.l(retnan.o)
    0x08008432   0x0000005c   Code   RO         4893    x$fpl$scalbn        fz_ws.l(scalbn.o)
    0x0800848e   0x00000030   Code   RO         5082    x$fpl$trapveneer    fz_ws.l(trapv.o)
    0x080084be   0x00000000   Code   RO         4895    x$fpl$usenofp       fz_ws.l(usenofp.o)
    0x080084be   0x00000002   PAD
    0x080084c0   0x00000050   Data   RO         4210    .constdata          inv_mpu.o
    0x08008510   0x00000bf6   Data   RO         4482    .constdata          inv_mpu_dmp_motion_driver.o
    0x08009106   0x00000002   PAD
    0x08009108   0x00000050   Data   RO         4849    .constdata          m_ws.l(asin.o)
    0x08009158   0x00000098   Data   RO         4898    .constdata          m_ws.l(atan.o)
    0x080091f0   0x00000008   Data   RO         4924    .constdata          m_ws.l(qnan.o)
    0x080091f8   0x00000094   Data   RO         4969    .constdata          c_w.l(bigflt0.o)
    0x0800928c   0x0000004e   Data   RO         4211    .conststring        inv_mpu.o
    0x080092da   0x00000002   PAD
    0x080092dc   0x00000020   Data   RO         5152    Region$$Table       anon$$obj.o
    0x080092fc   0x0000001c   Data   RO         4997    locale$$data        c_w.l(lc_numeric_c.o)


    Execution Region RW_IRAM1 (Base: 0x20000000, Size: 0x00000b10, Max: 0x00005000, ABSOLUTE, COMPRESSED[0x00000040])

    Base Addr    Size         Type   Attr      Idx    E Section Name        Object

    0x20000000   0x0000000c   Data   RW            2    .data               main.o
    0x2000000c   0x00000014   Data   RW          282    .data               system_stm32f10x.o
    0x20000020   0x00000014   Data   RW         1927    .data               stm32f10x_rcc.o
    0x20000034   0x000000a8   Data   RW         3587    .data               control.o
    0x200000dc   0x00000004   Data   RW         3711    .data               protocol.o
    0x200000e0   0x00000084   Data   RW         3920    .data               filter.o
    0x20000164   0x0000003c   Data   RW         3966    .data               mpu6050.o
    0x200001a0   0x0000002c   Data   RW         4212    .data               inv_mpu.o
    0x200001cc   0x00000004   Data   RW         4632    .data               delay.o
    0x200001d0   0x0000000c   Data   RW         4689    .data               usart.o
    0x200001dc   0x00000096   Zero   RW         3710    .bss                protocol.o
    0x20000272   0x00000002   PAD
    0x20000274   0x000000c0   Zero   RW         3785    .bss                bsp_pid.o
    0x20000334   0x00000020   Zero   RW         3919    .bss                filter.o
    0x20000354   0x00000010   Zero   RW         4481    .bss                inv_mpu_dmp_motion_driver.o
    0x20000364   0x00000148   Zero   RW         4688    .bss                usart.o
    0x200004ac   0x00000060   Zero   RW         5007    .bss                c_w.l(libspace.o)
    0x2000050c   0x00000004   PAD
    0x20000510   0x00000200   Zero   RW          324    HEAP                startup_stm32f10x_md.o
    0x20000710   0x00000400   Zero   RW          323    STACK               startup_stm32f10x_md.o


==============================================================================

Image component sizes


      Code (inc. data)   RO Data    RW Data    ZI Data      Debug   Object Name

        56         10          0          0          0        499   bsp_graysensor.o
       200         36          0          0        192       2878   bsp_pid.o
       828         72          0        168          0       4210   control.o
         0          0          0          0          0         32   core_cm3.o
       220         26          0          4          0       1567   delay.o
       364         20          0          0          0       2100   encoder.o
       160         14          0          0          0       1037   exti.o
      1440        160          0        132         32       3311   filter.o
      5878        280        158         44          0      24986   inv_mpu.o
      3096        122       3062          0         16      19178   inv_mpu_dmp_motion_driver.o
      1254         92          0          0          0       9511   ioi2c.o
        56          6          0          0          0        470   led.o
       156         16          0         12          0     255288   main.o
       172         22          0          0          0       1921   misc.o
        44          4          0          0          0        465   motor.o
      1676        396          0         60          0       8396   mpu6050.o
       702         28          0          0          0       4960   oled.o
      1274         42          0          4        150      23769   protocol.o
       268         14          0          0          0       1295   pwm.o
        64         26        236          0       1536        772   startup_stm32f10x_md.o
       200         18          0          0          0       1964   stm32f10x_exti.o
       494         10          0          0          0       4260   stm32f10x_gpio.o
        26          0          0          0          0       3410   stm32f10x_it.o
       276         32          0         20          0       4270   stm32f10x_rcc.o
      1568        180          0          0          0      15107   stm32f10x_tim.o
       438          6          0          0          0       5344   stm32f10x_usart.o
       328         28          0         20          0       1917   system_stm32f10x.o
       360         32          0         12        328       4174   usart.o

    ----------------------------------------------------------------------
     21634       1692       3492        476       2256     407091   Object Totals
         0          0         32          0          0          0   (incl. Generated)
        36          0          4          0          2          0   (incl. Padding)

    ----------------------------------------------------------------------

      Code (inc. data)   RO Data    RW Data    ZI Data      Debug   Library Member Name

        90          0          0          0          0          0   __dczerorl2.o
         8          0          0          0          0         68   __main.o
       284          0          0          0          0        156   __printf_wp.o
         0          0          0          0          0          0   __rtentry.o
        12          0          0          0          0          0   __rtentry2.o
         6          0          0          0          0          0   __rtentry4.o
        52          8          0          0          0          0   __scatter.o
        28          0          0          0          0          0   __scatter_zi.o
        48          6          0          0          0         96   _printf_char_common.o
        36          4          0          0          0         80   _printf_char_file.o
         6          0          0          0          0          0   _printf_d.o
       120         16          0          0          0         92   _printf_dec.o
         6          0          0          0          0          0   _printf_f.o
      1050          0          0          0          0        216   _printf_fp_dec.o
       128         16          0          0          0         84   _printf_fp_infnan.o
       178          0          0          0          0         88   _printf_intcommon.o
         0          0          0          0          0          0   _printf_percent.o
         4          0          0          0          0          0   _printf_percent_end.o
        22          0          0          0          0        100   _rserrno.o
        16          0          0          0          0         68   aeabi_memset.o
       220          4        148          0          0         96   bigflt0.o
      1910        128          0          0          0        672   btod.o
        12          0          0          0          0         72   exit.o
         8          0          0          0          0         68   ferror.o
         6          0          0          0          0        152   heapauxi.o
        44         10         28          0          0         76   lc_numeric_c.o
         2          0          0          0          0          0   libinit.o
        18          0          0          0          0          0   libinit2.o
         2          0          0          0          0          0   libshutdown.o
         2          0          0          0          0          0   libshutdown2.o
         8          4          0          0         96         68   libspace.o
        72          0          0          0          0         76   llsdiv.o
       138          0          0          0          0         80   lludiv10.o
       238          0          0          0          0        100   lludivv7m.o
        88          0          0          0          0         76   memcmp.o
        24          4          0          0          0         84   noretval__2printf.o
         8          4          0          0          0         68   rt_errno_addr_intlibspace.o
         8          4          0          0          0         68   rt_locale_intlibspace.o
        68          0          0          0          0         68   rt_memclr.o
        78          0          0          0          0         80   rt_memclr_w.o
       138          0          0          0          0         68   rt_memcpy_v6.o
       100          0          0          0          0         80   rt_memcpy_w.o
         2          0          0          0          0          0   rtexit.o
        10          0          0          0          0          0   rtexit2.o
       128          0          0          0          0         68   strcmpv7m.o
        74          0          0          0          0         80   sys_stackheap_outer.o
         2          0          0          0          0         68   use_no_semi.o
         2          0          0          0          0         68   use_no_semi_2.o
        98          4          0          0          0         92   d2f.o
       826         16          0          0          0        348   daddsub_clz.o
        16          4          0          0          0         68   dcheck1.o
       688        140          0          0          0        208   ddiv.o
       340         12          0          0          0        104   dmul.o
       156          4          0          0          0         92   dnaninf.o
        12          0          0          0          0         68   dretinf.o
       460         56          0          0          0        120   dsqrt_noumaal.o
        86          4          0          0          0         84   f2d.o
       450          8          0          0          0        236   faddsub_clz.o
        24          0          0          0          0         68   fcmpi.o
       388         76          0          0          0         96   fdiv.o
       104          4          0          0          0         84   feqf.o
        54          4          0          0          0         84   ffix.o
        62          4          0          0          0         84   ffixu.o
        86          0          0          0          0        136   fflt_clz.o
       104          4          0          0          0         84   fleqf.o
       258          4          0          0          0         84   fmul.o
       140          4          0          0          0         84   fnaninf.o
        10          0          0          0          0         68   fretinf.o
        98          0          0          0          0         68   frleqf.o
         4          0          0          0          0         68   printf1.o
       100          0          0          0          0         68   retnan.o
        92          0          0          0          0         68   scalbn.o
        48          0          0          0          0         68   trapv.o
         0          0          0          0          0          0   usenofp.o
       624         52         80          0          0        168   asin.o
       544         70        152          0          0        124   atan.o
       384         38          0          0          0        144   atan2.o
        38          6          0          0          0        272   dunder.o
        40          0          0          0          0         68   fpclassify.o
       170          0          0          0          0         96   poly.o
         0          0          8          0          0          0   qnan.o
        76          0          0          0          0         84   sqrt.o

    ----------------------------------------------------------------------
     12114        722        416          0        100       6972   Library Totals
        30          0          0          0          4          0   (incl. Padding)

    ----------------------------------------------------------------------

      Code (inc. data)   RO Data    RW Data    ZI Data      Debug   Library Name

      5504        208        176          0         96       3384   c_w.l
      4704        348          0          0          0       2632   fz_ws.l
      1876        166        240          0          0        956   m_ws.l

    ----------------------------------------------------------------------
     12114        722        416          0        100       6972   Library Totals

    ----------------------------------------------------------------------

==============================================================================


      Code (inc. data)   RO Data    RW Data    ZI Data      Debug   

     33748       2414       3908        476       2356     400695   Grand Totals
     33748       2414       3908         64       2356     400695   ELF Image Totals (compressed)
     33748       2414       3908         64          0          0   ROM Totals

==============================================================================

    Total RO  Size (Code + RO Data)                37656 (  36.77kB)
    Total RW  Size (RW Data + ZI Data)              2832 (   2.77kB)
    Total ROM Size (Code + RO Data + RW Data)      37720 (  36.84kB)

==============================================================================

